Analysis & Synthesis report for lab6_2
Mon Nov 03 13:15:03 2025
Quartus Prime Version 18.1.0 Build 625 09/12/2018 SJ Lite Edition


---------------------
; Table of Contents ;
---------------------
  1. Legal Notice
  2. Analysis & Synthesis Summary
  3. Analysis & Synthesis Settings
  4. Parallel Compilation
  5. Analysis & Synthesis Source Files Read
  6. Analysis & Synthesis Resource Usage Summary
  7. Analysis & Synthesis Resource Utilization by Entity
  8. Analysis & Synthesis DSP Block Usage Summary
  9. State Machine - |math_top|addr_ctrl:ctrl_mem|cur_st
 10. User-Specified and Inferred Latches
 11. Registers Removed During Synthesis
 12. General Register Statistics
 13. Inverted Register Statistics
 14. Multiplexer Restructuring Statistics (Restructuring Performed)
 15. Parameter Settings for User Entity Instance: Top-level Entity: |math_top
 16. Parameter Settings for User Entity Instance: sync_bits:bit_synchronizer
 17. Parameter Settings for User Entity Instance: memory:ram_mem
 18. Parameter Settings for User Entity Instance: seven_segment_full:display
 19. Parameter Settings for Inferred Entity Instance: seven_segment_full:display|lpm_divide:Mod1
 20. Parameter Settings for Inferred Entity Instance: seven_segment_full:display|lpm_divide:Div1
 21. Parameter Settings for Inferred Entity Instance: seven_segment_full:display|lpm_divide:Mod0
 22. Parameter Settings for Inferred Entity Instance: seven_segment_full:display|lpm_divide:Div0
 23. Parameter Settings for Inferred Entity Instance: alu:math_alu|lpm_divide:Div0
 24. Post-Synthesis Netlist Statistics for Top Partition
 25. Elapsed Time Per Partition
 26. Analysis & Synthesis Messages



----------------
; Legal Notice ;
----------------
Copyright (C) 2018  Intel Corporation. All rights reserved.
Your use of Intel Corporation's design tools, logic functions 
and other software and tools, and its AMPP partner logic 
functions, and any output files from any of the foregoing 
(including device programming or simulation files), and any 
associated documentation or information are expressly subject 
to the terms and conditions of the Intel Program License 
Subscription Agreement, the Intel Quartus Prime License Agreement,
the Intel FPGA IP License Agreement, or other applicable license
agreement, including, without limitation, that your use is for
the sole purpose of programming logic devices manufactured by
Intel and sold by Intel or its authorized distributors.  Please
refer to the applicable agreement for further details.



+-------------------------------------------------------------------------------+
; Analysis & Synthesis Summary                                                  ;
+---------------------------------+---------------------------------------------+
; Analysis & Synthesis Status     ; Successful - Mon Nov 03 13:15:03 2025       ;
; Quartus Prime Version           ; 18.1.0 Build 625 09/12/2018 SJ Lite Edition ;
; Revision Name                   ; lab6_2                                      ;
; Top-level Entity Name           ; math_top                                    ;
; Family                          ; Cyclone V                                   ;
; Logic utilization (in ALMs)     ; N/A                                         ;
; Total registers                 ; 69                                          ;
; Total pins                      ; 41                                          ;
; Total virtual pins              ; 0                                           ;
; Total block memory bits         ; 0                                           ;
; Total DSP Blocks                ; 1                                           ;
; Total HSSI RX PCSs              ; 0                                           ;
; Total HSSI PMA RX Deserializers ; 0                                           ;
; Total HSSI TX PCSs              ; 0                                           ;
; Total HSSI PMA TX Serializers   ; 0                                           ;
; Total PLLs                      ; 0                                           ;
; Total DLLs                      ; 0                                           ;
+---------------------------------+---------------------------------------------+


+---------------------------------------------------------------------------------------------------------------------------+
; Analysis & Synthesis Settings                                                                                             ;
+---------------------------------------------------------------------------------+--------------------+--------------------+
; Option                                                                          ; Setting            ; Default Value      ;
+---------------------------------------------------------------------------------+--------------------+--------------------+
; Device                                                                          ; 5CSEMA5F31C6       ;                    ;
; Top-level entity name                                                           ; math_top           ; lab6_2             ;
; Family name                                                                     ; Cyclone V          ; Cyclone V          ;
; VHDL Show LMF Mapping Messages                                                  ; Off                ;                    ;
; VHDL Version                                                                    ; VHDL_2008          ; VHDL_1993          ;
; Use smart compilation                                                           ; Off                ; Off                ;
; Enable parallel Assembler and Timing Analyzer during compilation                ; On                 ; On                 ;
; Enable compact report table                                                     ; Off                ; Off                ;
; Restructure Multiplexers                                                        ; Auto               ; Auto               ;
; MLAB Add Timing Constraints For Mixed-Port Feed-Through Mode Setting Don't Care ; Off                ; Off                ;
; Create Debugging Nodes for IP Cores                                             ; Off                ; Off                ;
; Preserve fewer node names                                                       ; On                 ; On                 ;
; Intel FPGA IP Evaluation Mode                                                   ; Enable             ; Enable             ;
; Verilog Version                                                                 ; Verilog_2001       ; Verilog_2001       ;
; State Machine Processing                                                        ; Auto               ; Auto               ;
; Safe State Machine                                                              ; Off                ; Off                ;
; Extract Verilog State Machines                                                  ; On                 ; On                 ;
; Extract VHDL State Machines                                                     ; On                 ; On                 ;
; Ignore Verilog initial constructs                                               ; Off                ; Off                ;
; Iteration limit for constant Verilog loops                                      ; 5000               ; 5000               ;
; Iteration limit for non-constant Verilog loops                                  ; 250                ; 250                ;
; Add Pass-Through Logic to Inferred RAMs                                         ; On                 ; On                 ;
; Infer RAMs from Raw Logic                                                       ; On                 ; On                 ;
; Parallel Synthesis                                                              ; On                 ; On                 ;
; DSP Block Balancing                                                             ; Auto               ; Auto               ;
; NOT Gate Push-Back                                                              ; On                 ; On                 ;
; Power-Up Don't Care                                                             ; On                 ; On                 ;
; Remove Redundant Logic Cells                                                    ; Off                ; Off                ;
; Remove Duplicate Registers                                                      ; On                 ; On                 ;
; Ignore CARRY Buffers                                                            ; Off                ; Off                ;
; Ignore CASCADE Buffers                                                          ; Off                ; Off                ;
; Ignore GLOBAL Buffers                                                           ; Off                ; Off                ;
; Ignore ROW GLOBAL Buffers                                                       ; Off                ; Off                ;
; Ignore LCELL Buffers                                                            ; Off                ; Off                ;
; Ignore SOFT Buffers                                                             ; On                 ; On                 ;
; Limit AHDL Integers to 32 Bits                                                  ; Off                ; Off                ;
; Optimization Technique                                                          ; Balanced           ; Balanced           ;
; Carry Chain Length                                                              ; 70                 ; 70                 ;
; Auto Carry Chains                                                               ; On                 ; On                 ;
; Auto Open-Drain Pins                                                            ; On                 ; On                 ;
; Perform WYSIWYG Primitive Resynthesis                                           ; Off                ; Off                ;
; Auto ROM Replacement                                                            ; On                 ; On                 ;
; Auto RAM Replacement                                                            ; On                 ; On                 ;
; Auto DSP Block Replacement                                                      ; On                 ; On                 ;
; Auto Shift Register Replacement                                                 ; Auto               ; Auto               ;
; Allow Shift Register Merging across Hierarchies                                 ; Auto               ; Auto               ;
; Auto Clock Enable Replacement                                                   ; On                 ; On                 ;
; Strict RAM Replacement                                                          ; Off                ; Off                ;
; Allow Synchronous Control Signals                                               ; On                 ; On                 ;
; Force Use of Synchronous Clear Signals                                          ; Off                ; Off                ;
; Auto Resource Sharing                                                           ; Off                ; Off                ;
; Allow Any RAM Size For Recognition                                              ; Off                ; Off                ;
; Allow Any ROM Size For Recognition                                              ; Off                ; Off                ;
; Allow Any Shift Register Size For Recognition                                   ; Off                ; Off                ;
; Use LogicLock Constraints during Resource Balancing                             ; On                 ; On                 ;
; Ignore translate_off and synthesis_off directives                               ; Off                ; Off                ;
; Timing-Driven Synthesis                                                         ; On                 ; On                 ;
; Report Parameter Settings                                                       ; On                 ; On                 ;
; Report Source Assignments                                                       ; On                 ; On                 ;
; Report Connectivity Checks                                                      ; On                 ; On                 ;
; Ignore Maximum Fan-Out Assignments                                              ; Off                ; Off                ;
; Synchronization Register Chain Length                                           ; 3                  ; 3                  ;
; Power Optimization During Synthesis                                             ; Normal compilation ; Normal compilation ;
; HDL message level                                                               ; Level2             ; Level2             ;
; Suppress Register Optimization Related Messages                                 ; Off                ; Off                ;
; Number of Removed Registers Reported in Synthesis Report                        ; 5000               ; 5000               ;
; Number of Swept Nodes Reported in Synthesis Report                              ; 5000               ; 5000               ;
; Number of Inverted Registers Reported in Synthesis Report                       ; 100                ; 100                ;
; Clock MUX Protection                                                            ; On                 ; On                 ;
; Auto Gated Clock Conversion                                                     ; Off                ; Off                ;
; Block Design Naming                                                             ; Auto               ; Auto               ;
; SDC constraint protection                                                       ; Off                ; Off                ;
; Synthesis Effort                                                                ; Auto               ; Auto               ;
; Shift Register Replacement - Allow Asynchronous Clear Signal                    ; On                 ; On                 ;
; Pre-Mapping Resynthesis Optimization                                            ; Off                ; Off                ;
; Analysis & Synthesis Message Level                                              ; Medium             ; Medium             ;
; Disable Register Merging Across Hierarchies                                     ; Auto               ; Auto               ;
; Resource Aware Inference For Block RAM                                          ; On                 ; On                 ;
; Automatic Parallel Synthesis                                                    ; On                 ; On                 ;
; Partial Reconfiguration Bitstream ID                                            ; Off                ; Off                ;
+---------------------------------------------------------------------------------+--------------------+--------------------+


+------------------------------------------+
; Parallel Compilation                     ;
+----------------------------+-------------+
; Processors                 ; Number      ;
+----------------------------+-------------+
; Number detected on machine ; 20          ;
; Maximum allowed            ; 14          ;
;                            ;             ;
; Average used               ; 1.00        ;
; Maximum used               ; 14          ;
;                            ;             ;
; Usage by Processor         ; % Time Used ;
;     Processor 1            ; 100.0%      ;
;     Processor 2            ;   0.0%      ;
;     Processors 3-14        ;   0.0%      ;
+----------------------------+-------------+


+-------------------------------------------------------------------------------------------------------------------------------------------------------------------------------------+
; Analysis & Synthesis Source Files Read                                                                                                                                              ;
+----------------------------------+-----------------+------------------------------+---------------------------------------------------------------------------------------+---------+
; File Name with User-Entered Path ; Used in Netlist ; File Type                    ; File Name with Absolute Path                                                          ; Library ;
+----------------------------------+-----------------+------------------------------+---------------------------------------------------------------------------------------+---------+
; src/sync_bits.vhd                ; yes             ; User VHDL File               ; C:/Users/a9284/Documents/GitHub/CPET-343/Lab6/lab6_2/src/sync_bits.vhd                ;         ;
; src/seven_segment_full.vhd       ; yes             ; User VHDL File               ; C:/Users/a9284/Documents/GitHub/CPET-343/Lab6/lab6_2/src/seven_segment_full.vhd       ;         ;
; src/rising_edge_synchronizer.vhd ; yes             ; User VHDL File               ; C:/Users/a9284/Documents/GitHub/CPET-343/Lab6/lab6_2/src/rising_edge_synchronizer.vhd ;         ;
; src/memory.vhd                   ; yes             ; User VHDL File               ; C:/Users/a9284/Documents/GitHub/CPET-343/Lab6/lab6_2/src/memory.vhd                   ;         ;
; src/math_top.vhd                 ; yes             ; User VHDL File               ; C:/Users/a9284/Documents/GitHub/CPET-343/Lab6/lab6_2/src/math_top.vhd                 ;         ;
; src/components_pkg.vhd           ; yes             ; User VHDL File               ; C:/Users/a9284/Documents/GitHub/CPET-343/Lab6/lab6_2/src/components_pkg.vhd           ;         ;
; src/alu.vhd                      ; yes             ; User VHDL File               ; C:/Users/a9284/Documents/GitHub/CPET-343/Lab6/lab6_2/src/alu.vhd                      ;         ;
; src/addr_ctrl.vhd                ; yes             ; User VHDL File               ; C:/Users/a9284/Documents/GitHub/CPET-343/Lab6/lab6_2/src/addr_ctrl.vhd                ;         ;
; lpm_divide.tdf                   ; yes             ; Megafunction                 ; c:/intelfpga_lite/18.1/quartus/libraries/megafunctions/lpm_divide.tdf                 ;         ;
; abs_divider.inc                  ; yes             ; Megafunction                 ; c:/intelfpga_lite/18.1/quartus/libraries/megafunctions/abs_divider.inc                ;         ;
; sign_div_unsign.inc              ; yes             ; Megafunction                 ; c:/intelfpga_lite/18.1/quartus/libraries/megafunctions/sign_div_unsign.inc            ;         ;
; aglobal181.inc                   ; yes             ; Megafunction                 ; c:/intelfpga_lite/18.1/quartus/libraries/megafunctions/aglobal181.inc                 ;         ;
; db/lpm_divide_e2m.tdf            ; yes             ; Auto-Generated Megafunction  ; C:/Users/a9284/Documents/GitHub/CPET-343/Lab6/lab6_2/db/lpm_divide_e2m.tdf            ;         ;
; db/sign_div_unsign_hkh.tdf       ; yes             ; Auto-Generated Megafunction  ; C:/Users/a9284/Documents/GitHub/CPET-343/Lab6/lab6_2/db/sign_div_unsign_hkh.tdf       ;         ;
; db/alt_u_div_8te.tdf             ; yes             ; Auto-Generated Megafunction  ; C:/Users/a9284/Documents/GitHub/CPET-343/Lab6/lab6_2/db/alt_u_div_8te.tdf             ;         ;
; db/lpm_divide_6am.tdf            ; yes             ; Auto-Generated Megafunction  ; C:/Users/a9284/Documents/GitHub/CPET-343/Lab6/lab6_2/db/lpm_divide_6am.tdf            ;         ;
; db/sign_div_unsign_ckh.tdf       ; yes             ; Auto-Generated Megafunction  ; C:/Users/a9284/Documents/GitHub/CPET-343/Lab6/lab6_2/db/sign_div_unsign_ckh.tdf       ;         ;
; db/alt_u_div_use.tdf             ; yes             ; Auto-Generated Megafunction  ; C:/Users/a9284/Documents/GitHub/CPET-343/Lab6/lab6_2/db/alt_u_div_use.tdf             ;         ;
; db/lpm_divide_9am.tdf            ; yes             ; Auto-Generated Megafunction  ; C:/Users/a9284/Documents/GitHub/CPET-343/Lab6/lab6_2/db/lpm_divide_9am.tdf            ;         ;
; db/sign_div_unsign_fkh.tdf       ; yes             ; Auto-Generated Megafunction  ; C:/Users/a9284/Documents/GitHub/CPET-343/Lab6/lab6_2/db/sign_div_unsign_fkh.tdf       ;         ;
; db/alt_u_div_4te.tdf             ; yes             ; Auto-Generated Megafunction  ; C:/Users/a9284/Documents/GitHub/CPET-343/Lab6/lab6_2/db/alt_u_div_4te.tdf             ;         ;
; db/lpm_divide_aam.tdf            ; yes             ; Auto-Generated Megafunction  ; C:/Users/a9284/Documents/GitHub/CPET-343/Lab6/lab6_2/db/lpm_divide_aam.tdf            ;         ;
; db/sign_div_unsign_gkh.tdf       ; yes             ; Auto-Generated Megafunction  ; C:/Users/a9284/Documents/GitHub/CPET-343/Lab6/lab6_2/db/sign_div_unsign_gkh.tdf       ;         ;
; db/alt_u_div_5te.tdf             ; yes             ; Auto-Generated Megafunction  ; C:/Users/a9284/Documents/GitHub/CPET-343/Lab6/lab6_2/db/alt_u_div_5te.tdf             ;         ;
+----------------------------------+-----------------+------------------------------+---------------------------------------------------------------------------------------+---------+


+-----------------------------------------------------------+
; Analysis & Synthesis Resource Usage Summary               ;
+---------------------------------------------+-------------+
; Resource                                    ; Usage       ;
+---------------------------------------------+-------------+
; Estimate of Logic utilization (ALMs needed) ; 243         ;
;                                             ;             ;
; Combinational ALUT usage for logic          ; 477         ;
;     -- 7 input functions                    ; 0           ;
;     -- 6 input functions                    ; 2           ;
;     -- 5 input functions                    ; 39          ;
;     -- 4 input functions                    ; 115         ;
;     -- <=3 input functions                  ; 321         ;
;                                             ;             ;
; Dedicated logic registers                   ; 69          ;
;                                             ;             ;
; I/O pins                                    ; 41          ;
;                                             ;             ;
; Total DSP Blocks                            ; 1           ;
;                                             ;             ;
; Maximum fan-out node                        ; RESET~input ;
; Maximum fan-out                             ; 102         ;
; Total fan-out                               ; 1860        ;
; Average fan-out                             ; 2.96        ;
+---------------------------------------------+-------------+


+-------------------------------------------------------------------------------------------------------------------------------------------------------------------------------------------------------------------------------------------------------------------------------------------------------------------------------------+
; Analysis & Synthesis Resource Utilization by Entity                                                                                                                                                                                                                                                                                 ;
+-------------------------------------------+---------------------+---------------------------+-------------------+------------+------+--------------+--------------------------------------------------------------------------------------------------------------------------------------+--------------------------+--------------+
; Compilation Hierarchy Node                ; Combinational ALUTs ; Dedicated Logic Registers ; Block Memory Bits ; DSP Blocks ; Pins ; Virtual Pins ; Full Hierarchy Name                                                                                                                  ; Entity Name              ; Library Name ;
+-------------------------------------------+---------------------+---------------------------+-------------------+------------+------+--------------+--------------------------------------------------------------------------------------------------------------------------------------+--------------------------+--------------+
; |math_top                                 ; 477 (0)             ; 69 (0)                    ; 0                 ; 1          ; 41   ; 0            ; |math_top                                                                                                                            ; math_top                 ; work         ;
;    |addr_ctrl:ctrl_mem|                   ; 16 (16)             ; 9 (9)                     ; 0                 ; 0          ; 0    ; 0            ; |math_top|addr_ctrl:ctrl_mem                                                                                                         ; addr_ctrl                ; work         ;
;    |alu:math_alu|                         ; 99 (17)             ; 8 (8)                     ; 0                 ; 1          ; 0    ; 0            ; |math_top|alu:math_alu                                                                                                               ; alu                      ; work         ;
;       |lpm_divide:Div0|                   ; 82 (0)              ; 0 (0)                     ; 0                 ; 0          ; 0    ; 0            ; |math_top|alu:math_alu|lpm_divide:Div0                                                                                               ; lpm_divide               ; work         ;
;          |lpm_divide_aam:auto_generated|  ; 82 (0)              ; 0 (0)                     ; 0                 ; 0          ; 0    ; 0            ; |math_top|alu:math_alu|lpm_divide:Div0|lpm_divide_aam:auto_generated                                                                 ; lpm_divide_aam           ; work         ;
;             |sign_div_unsign_gkh:divider| ; 82 (0)              ; 0 (0)                     ; 0                 ; 0          ; 0    ; 0            ; |math_top|alu:math_alu|lpm_divide:Div0|lpm_divide_aam:auto_generated|sign_div_unsign_gkh:divider                                     ; sign_div_unsign_gkh      ; work         ;
;                |alt_u_div_5te:divider|    ; 82 (82)             ; 0 (0)                     ; 0                 ; 0          ; 0    ; 0            ; |math_top|alu:math_alu|lpm_divide:Div0|lpm_divide_aam:auto_generated|sign_div_unsign_gkh:divider|alt_u_div_5te:divider               ; alt_u_div_5te            ; work         ;
;    |memory:ram_mem|                       ; 68 (68)             ; 24 (24)                   ; 0                 ; 0          ; 0    ; 0            ; |math_top|memory:ram_mem                                                                                                             ; memory                   ; work         ;
;    |rising_edge_synchronizer:exec_sync|   ; 2 (2)               ; 4 (4)                     ; 0                 ; 0          ; 0    ; 0            ; |math_top|rising_edge_synchronizer:exec_sync                                                                                         ; rising_edge_synchronizer ; work         ;
;    |rising_edge_synchronizer:mr_sync|     ; 2 (2)               ; 4 (4)                     ; 0                 ; 0          ; 0    ; 0            ; |math_top|rising_edge_synchronizer:mr_sync                                                                                           ; rising_edge_synchronizer ; work         ;
;    |rising_edge_synchronizer:ms_sync|     ; 2 (2)               ; 4 (4)                     ; 0                 ; 0          ; 0    ; 0            ; |math_top|rising_edge_synchronizer:ms_sync                                                                                           ; rising_edge_synchronizer ; work         ;
;    |seven_segment_full:display|           ; 287 (28)            ; 0 (0)                     ; 0                 ; 0          ; 0    ; 0            ; |math_top|seven_segment_full:display                                                                                                 ; seven_segment_full       ; work         ;
;       |lpm_divide:Div0|                   ; 42 (0)              ; 0 (0)                     ; 0                 ; 0          ; 0    ; 0            ; |math_top|seven_segment_full:display|lpm_divide:Div0                                                                                 ; lpm_divide               ; work         ;
;          |lpm_divide_9am:auto_generated|  ; 42 (0)              ; 0 (0)                     ; 0                 ; 0          ; 0    ; 0            ; |math_top|seven_segment_full:display|lpm_divide:Div0|lpm_divide_9am:auto_generated                                                   ; lpm_divide_9am           ; work         ;
;             |sign_div_unsign_fkh:divider| ; 42 (0)              ; 0 (0)                     ; 0                 ; 0          ; 0    ; 0            ; |math_top|seven_segment_full:display|lpm_divide:Div0|lpm_divide_9am:auto_generated|sign_div_unsign_fkh:divider                       ; sign_div_unsign_fkh      ; work         ;
;                |alt_u_div_4te:divider|    ; 42 (42)             ; 0 (0)                     ; 0                 ; 0          ; 0    ; 0            ; |math_top|seven_segment_full:display|lpm_divide:Div0|lpm_divide_9am:auto_generated|sign_div_unsign_fkh:divider|alt_u_div_4te:divider ; alt_u_div_4te            ; work         ;
;       |lpm_divide:Div1|                   ; 59 (0)              ; 0 (0)                     ; 0                 ; 0          ; 0    ; 0            ; |math_top|seven_segment_full:display|lpm_divide:Div1                                                                                 ; lpm_divide               ; work         ;
;          |lpm_divide_6am:auto_generated|  ; 59 (0)              ; 0 (0)                     ; 0                 ; 0          ; 0    ; 0            ; |math_top|seven_segment_full:display|lpm_divide:Div1|lpm_divide_6am:auto_generated                                                   ; lpm_divide_6am           ; work         ;
;             |sign_div_unsign_ckh:divider| ; 59 (0)              ; 0 (0)                     ; 0                 ; 0          ; 0    ; 0            ; |math_top|seven_segment_full:display|lpm_divide:Div1|lpm_divide_6am:auto_generated|sign_div_unsign_ckh:divider                       ; sign_div_unsign_ckh      ; work         ;
;                |alt_u_div_use:divider|    ; 59 (59)             ; 0 (0)                     ; 0                 ; 0          ; 0    ; 0            ; |math_top|seven_segment_full:display|lpm_divide:Div1|lpm_divide_6am:auto_generated|sign_div_unsign_ckh:divider|alt_u_div_use:divider ; alt_u_div_use            ; work         ;
;       |lpm_divide:Mod0|                   ; 71 (0)              ; 0 (0)                     ; 0                 ; 0          ; 0    ; 0            ; |math_top|seven_segment_full:display|lpm_divide:Mod0                                                                                 ; lpm_divide               ; work         ;
;          |lpm_divide_e2m:auto_generated|  ; 71 (0)              ; 0 (0)                     ; 0                 ; 0          ; 0    ; 0            ; |math_top|seven_segment_full:display|lpm_divide:Mod0|lpm_divide_e2m:auto_generated                                                   ; lpm_divide_e2m           ; work         ;
;             |sign_div_unsign_hkh:divider| ; 71 (0)              ; 0 (0)                     ; 0                 ; 0          ; 0    ; 0            ; |math_top|seven_segment_full:display|lpm_divide:Mod0|lpm_divide_e2m:auto_generated|sign_div_unsign_hkh:divider                       ; sign_div_unsign_hkh      ; work         ;
;                |alt_u_div_8te:divider|    ; 71 (71)             ; 0 (0)                     ; 0                 ; 0          ; 0    ; 0            ; |math_top|seven_segment_full:display|lpm_divide:Mod0|lpm_divide_e2m:auto_generated|sign_div_unsign_hkh:divider|alt_u_div_8te:divider ; alt_u_div_8te            ; work         ;
;       |lpm_divide:Mod1|                   ; 87 (0)              ; 0 (0)                     ; 0                 ; 0          ; 0    ; 0            ; |math_top|seven_segment_full:display|lpm_divide:Mod1                                                                                 ; lpm_divide               ; work         ;
;          |lpm_divide_e2m:auto_generated|  ; 87 (0)              ; 0 (0)                     ; 0                 ; 0          ; 0    ; 0            ; |math_top|seven_segment_full:display|lpm_divide:Mod1|lpm_divide_e2m:auto_generated                                                   ; lpm_divide_e2m           ; work         ;
;             |sign_div_unsign_hkh:divider| ; 87 (0)              ; 0 (0)                     ; 0                 ; 0          ; 0    ; 0            ; |math_top|seven_segment_full:display|lpm_divide:Mod1|lpm_divide_e2m:auto_generated|sign_div_unsign_hkh:divider                       ; sign_div_unsign_hkh      ; work         ;
;                |alt_u_div_8te:divider|    ; 87 (87)             ; 0 (0)                     ; 0                 ; 0          ; 0    ; 0            ; |math_top|seven_segment_full:display|lpm_divide:Mod1|lpm_divide_e2m:auto_generated|sign_div_unsign_hkh:divider|alt_u_div_8te:divider ; alt_u_div_8te            ; work         ;
;    |sync_bits:bit_synchronizer|           ; 1 (1)               ; 16 (16)                   ; 0                 ; 0          ; 0    ; 0            ; |math_top|sync_bits:bit_synchronizer                                                                                                 ; sync_bits                ; work         ;
+-------------------------------------------+---------------------+---------------------------+-------------------+------------+------+--------------+--------------------------------------------------------------------------------------------------------------------------------------+--------------------------+--------------+
Note: For table entries with two numbers listed, the numbers in parentheses indicate the number of resources of the given type used by the specific entity alone. The numbers listed outside of parentheses indicate the total resources of the given type used by the specific entity and all of its sub-entities in the hierarchy.


+-----------------------------------------------+
; Analysis & Synthesis DSP Block Usage Summary  ;
+---------------------------------+-------------+
; Statistic                       ; Number Used ;
+---------------------------------+-------------+
; Independent 9x9                 ; 1           ;
; Total number of DSP blocks      ; 1           ;
;                                 ;             ;
; Fixed Point Unsigned Multiplier ; 1           ;
+---------------------------------+-------------+


Encoding Type:  One-Hot
+-----------------------------------------------------------------------------------------------------------------+
; State Machine - |math_top|addr_ctrl:ctrl_mem|cur_st                                                             ;
+-----------------+-------------+---------------+----------------+----------------+-----------------+-------------+
; Name            ; cur_st.HOLD ; cur_st.READ_S ; cur_st.WRITE_S ; cur_st.WRITE_W ; cur_st.WR_NO_OP ; cur_st.IDLE ;
+-----------------+-------------+---------------+----------------+----------------+-----------------+-------------+
; cur_st.IDLE     ; 0           ; 0             ; 0              ; 0              ; 0               ; 0           ;
; cur_st.WR_NO_OP ; 0           ; 0             ; 0              ; 0              ; 1               ; 1           ;
; cur_st.WRITE_W  ; 0           ; 0             ; 0              ; 1              ; 0               ; 1           ;
; cur_st.WRITE_S  ; 0           ; 0             ; 1              ; 0              ; 0               ; 1           ;
; cur_st.READ_S   ; 0           ; 1             ; 0              ; 0              ; 0               ; 1           ;
; cur_st.HOLD     ; 1           ; 0             ; 0              ; 0              ; 0               ; 1           ;
+-----------------+-------------+---------------+----------------+----------------+-----------------+-------------+


+------------------------------------------------------------------------------------------------------------+
; User-Specified and Inferred Latches                                                                        ;
+----------------------------------------------------+------------------------------+------------------------+
; Latch Name                                         ; Latch Enable Signal          ; Free of Timing Hazards ;
+----------------------------------------------------+------------------------------+------------------------+
; addr_ctrl:ctrl_mem|nxt_st.HOLD_168                 ; addr_ctrl:ctrl_mem|Selector9 ; yes                    ;
; addr_ctrl:ctrl_mem|nxt_st.IDLE_223                 ; addr_ctrl:ctrl_mem|Selector9 ; yes                    ;
; addr_ctrl:ctrl_mem|nxt_st.READ_S_179               ; addr_ctrl:ctrl_mem|Selector9 ; yes                    ;
; addr_ctrl:ctrl_mem|nxt_st.WR_NO_OP_212             ; addr_ctrl:ctrl_mem|Selector9 ; yes                    ;
; addr_ctrl:ctrl_mem|nxt_st.WRITE_W_201              ; addr_ctrl:ctrl_mem|Selector9 ; yes                    ;
; addr_ctrl:ctrl_mem|nxt_st.WRITE_S_190              ; addr_ctrl:ctrl_mem|Selector9 ; yes                    ;
; Number of user-specified and inferred latches = 6  ;                              ;                        ;
+----------------------------------------------------+------------------------------+------------------------+
Note: All latches listed above may not be present at the end of synthesis due to various synthesis optimizations.


+---------------------------------------------------------------------------------+
; Registers Removed During Synthesis                                              ;
+---------------------------------------+-----------------------------------------+
; Register name                         ; Reason for Removal                      ;
+---------------------------------------+-----------------------------------------+
; addr_ctrl:ctrl_mem|ADDR[1]            ; Stuck at GND due to stuck port data_in  ;
; addr_ctrl:ctrl_mem|cur_st.HOLD        ; Merged with addr_ctrl:ctrl_mem|STATE[4] ;
; addr_ctrl:ctrl_mem|cur_st.WR_NO_OP    ; Merged with addr_ctrl:ctrl_mem|STATE[1] ;
; addr_ctrl:ctrl_mem|cur_st.WRITE_W     ; Merged with addr_ctrl:ctrl_mem|STATE[2] ;
; addr_ctrl:ctrl_mem|cur_st.WRITE_S     ; Merged with addr_ctrl:ctrl_mem|STATE[3] ;
; Total Number of Removed Registers = 5 ;                                         ;
+---------------------------------------+-----------------------------------------+


+------------------------------------------------------+
; General Register Statistics                          ;
+----------------------------------------------+-------+
; Statistic                                    ; Value ;
+----------------------------------------------+-------+
; Total registers                              ; 69    ;
; Number of registers using Synchronous Clear  ; 0     ;
; Number of registers using Synchronous Load   ; 8     ;
; Number of registers using Asynchronous Clear ; 61    ;
; Number of registers using Asynchronous Load  ; 0     ;
; Number of registers using Clock Enable       ; 32    ;
; Number of registers using Preset             ; 0     ;
+----------------------------------------------+-------+


+--------------------------------------------------------+
; Inverted Register Statistics                           ;
+----------------------------------------------+---------+
; Inverted Register                            ; Fan out ;
+----------------------------------------------+---------+
; sync_bits:bit_synchronizer|input_zz[0]       ; 10      ;
; rising_edge_synchronizer:exec_sync|input_zz  ; 2       ;
; rising_edge_synchronizer:exec_sync|input_zzz ; 1       ;
; sync_bits:bit_synchronizer|input_z[0]        ; 1       ;
; rising_edge_synchronizer:exec_sync|input_z   ; 1       ;
; rising_edge_synchronizer:ms_sync|input_zz    ; 2       ;
; rising_edge_synchronizer:ms_sync|input_zzz   ; 1       ;
; rising_edge_synchronizer:mr_sync|input_zz    ; 2       ;
; rising_edge_synchronizer:mr_sync|input_zzz   ; 1       ;
; rising_edge_synchronizer:ms_sync|input_z     ; 1       ;
; rising_edge_synchronizer:mr_sync|input_z     ; 1       ;
; Total number of inverted registers = 11      ;         ;
+----------------------------------------------+---------+


+--------------------------------------------------------------------------------------------------------------------------------------------------+
; Multiplexer Restructuring Statistics (Restructuring Performed)                                                                                   ;
+--------------------+-----------+---------------+----------------------+------------------------+------------+------------------------------------+
; Multiplexer Inputs ; Bus Width ; Baseline Area ; Area if Restructured ; Saving if Restructured ; Registered ; Example Multiplexer Output         ;
+--------------------+-----------+---------------+----------------------+------------------------+------------+------------------------------------+
; 4:1                ; 8 bits    ; 16 LEs        ; 16 LEs               ; 0 LEs                  ; Yes        ; |math_top|alu:math_alu|result[0]   ;
; 3:1                ; 8 bits    ; 16 LEs        ; 8 LEs                ; 8 LEs                  ; Yes        ; |math_top|memory:ram_mem|RAM[0][1] ;
; 3:1                ; 8 bits    ; 16 LEs        ; 8 LEs                ; 8 LEs                  ; Yes        ; |math_top|memory:ram_mem|RAM[1][4] ;
+--------------------+-----------+---------------+----------------------+------------------------+------------+------------------------------------+


+--------------------------------------------------------------------------+
; Parameter Settings for User Entity Instance: Top-level Entity: |math_top ;
+----------------+-------+-------------------------------------------------+
; Parameter Name ; Value ; Type                                            ;
+----------------+-------+-------------------------------------------------+
; bits           ; 8     ; Signed Integer                                  ;
+----------------+-------+-------------------------------------------------+
Note: In order to hide this table in the UI and the text report file, please set the "Show Parameter Settings in Synthesis Report" option in "Analysis and Synthesis Settings -> More Settings" to "Off".


+-------------------------------------------------------------------------+
; Parameter Settings for User Entity Instance: sync_bits:bit_synchronizer ;
+----------------+-------+------------------------------------------------+
; Parameter Name ; Value ; Type                                           ;
+----------------+-------+------------------------------------------------+
; bits           ; 8     ; Signed Integer                                 ;
+----------------+-------+------------------------------------------------+
Note: In order to hide this table in the UI and the text report file, please set the "Show Parameter Settings in Synthesis Report" option in "Analysis and Synthesis Settings -> More Settings" to "Off".


+-------------------------------------------------------------+
; Parameter Settings for User Entity Instance: memory:ram_mem ;
+----------------+-------+------------------------------------+
; Parameter Name ; Value ; Type                               ;
+----------------+-------+------------------------------------+
; addr_width     ; 2     ; Signed Integer                     ;
; data_width     ; 8     ; Signed Integer                     ;
+----------------+-------+------------------------------------+
Note: In order to hide this table in the UI and the text report file, please set the "Show Parameter Settings in Synthesis Report" option in "Analysis and Synthesis Settings -> More Settings" to "Off".


+-------------------------------------------------------------------------+
; Parameter Settings for User Entity Instance: seven_segment_full:display ;
+----------------+-------+------------------------------------------------+
; Parameter Name ; Value ; Type                                           ;
+----------------+-------+------------------------------------------------+
; bits           ; 8     ; Signed Integer                                 ;
+----------------+-------+------------------------------------------------+
Note: In order to hide this table in the UI and the text report file, please set the "Show Parameter Settings in Synthesis Report" option in "Analysis and Synthesis Settings -> More Settings" to "Off".


+---------------------------------------------------------------------------------------------+
; Parameter Settings for Inferred Entity Instance: seven_segment_full:display|lpm_divide:Mod1 ;
+------------------------+----------------+---------------------------------------------------+
; Parameter Name         ; Value          ; Type                                              ;
+------------------------+----------------+---------------------------------------------------+
; LPM_WIDTHN             ; 9              ; Untyped                                           ;
; LPM_WIDTHD             ; 9              ; Untyped                                           ;
; LPM_NREPRESENTATION    ; UNSIGNED       ; Untyped                                           ;
; LPM_DREPRESENTATION    ; UNSIGNED       ; Untyped                                           ;
; LPM_PIPELINE           ; 0              ; Untyped                                           ;
; LPM_REMAINDERPOSITIVE  ; TRUE           ; Untyped                                           ;
; MAXIMIZE_SPEED         ; 5              ; Untyped                                           ;
; CBXI_PARAMETER         ; lpm_divide_e2m ; Untyped                                           ;
; CARRY_CHAIN            ; MANUAL         ; Untyped                                           ;
; OPTIMIZE_FOR_SPEED     ; 5              ; Untyped                                           ;
; AUTO_CARRY_CHAINS      ; ON             ; AUTO_CARRY                                        ;
; IGNORE_CARRY_BUFFERS   ; OFF            ; IGNORE_CARRY                                      ;
; AUTO_CASCADE_CHAINS    ; ON             ; AUTO_CASCADE                                      ;
; IGNORE_CASCADE_BUFFERS ; OFF            ; IGNORE_CASCADE                                    ;
+------------------------+----------------+---------------------------------------------------+
Note: In order to hide this table in the UI and the text report file, please set the "Show Parameter Settings in Synthesis Report" option in "Analysis and Synthesis Settings -> More Settings" to "Off".


+---------------------------------------------------------------------------------------------+
; Parameter Settings for Inferred Entity Instance: seven_segment_full:display|lpm_divide:Div1 ;
+------------------------+----------------+---------------------------------------------------+
; Parameter Name         ; Value          ; Type                                              ;
+------------------------+----------------+---------------------------------------------------+
; LPM_WIDTHN             ; 9              ; Untyped                                           ;
; LPM_WIDTHD             ; 4              ; Untyped                                           ;
; LPM_NREPRESENTATION    ; UNSIGNED       ; Untyped                                           ;
; LPM_DREPRESENTATION    ; UNSIGNED       ; Untyped                                           ;
; LPM_PIPELINE           ; 0              ; Untyped                                           ;
; LPM_REMAINDERPOSITIVE  ; TRUE           ; Untyped                                           ;
; MAXIMIZE_SPEED         ; 5              ; Untyped                                           ;
; CBXI_PARAMETER         ; lpm_divide_6am ; Untyped                                           ;
; CARRY_CHAIN            ; MANUAL         ; Untyped                                           ;
; OPTIMIZE_FOR_SPEED     ; 5              ; Untyped                                           ;
; AUTO_CARRY_CHAINS      ; ON             ; AUTO_CARRY                                        ;
; IGNORE_CARRY_BUFFERS   ; OFF            ; IGNORE_CARRY                                      ;
; AUTO_CASCADE_CHAINS    ; ON             ; AUTO_CASCADE                                      ;
; IGNORE_CASCADE_BUFFERS ; OFF            ; IGNORE_CASCADE                                    ;
+------------------------+----------------+---------------------------------------------------+
Note: In order to hide this table in the UI and the text report file, please set the "Show Parameter Settings in Synthesis Report" option in "Analysis and Synthesis Settings -> More Settings" to "Off".


+---------------------------------------------------------------------------------------------+
; Parameter Settings for Inferred Entity Instance: seven_segment_full:display|lpm_divide:Mod0 ;
+------------------------+----------------+---------------------------------------------------+
; Parameter Name         ; Value          ; Type                                              ;
+------------------------+----------------+---------------------------------------------------+
; LPM_WIDTHN             ; 9              ; Untyped                                           ;
; LPM_WIDTHD             ; 9              ; Untyped                                           ;
; LPM_NREPRESENTATION    ; UNSIGNED       ; Untyped                                           ;
; LPM_DREPRESENTATION    ; UNSIGNED       ; Untyped                                           ;
; LPM_PIPELINE           ; 0              ; Untyped                                           ;
; LPM_REMAINDERPOSITIVE  ; TRUE           ; Untyped                                           ;
; MAXIMIZE_SPEED         ; 5              ; Untyped                                           ;
; CBXI_PARAMETER         ; lpm_divide_e2m ; Untyped                                           ;
; CARRY_CHAIN            ; MANUAL         ; Untyped                                           ;
; OPTIMIZE_FOR_SPEED     ; 5              ; Untyped                                           ;
; AUTO_CARRY_CHAINS      ; ON             ; AUTO_CARRY                                        ;
; IGNORE_CARRY_BUFFERS   ; OFF            ; IGNORE_CARRY                                      ;
; AUTO_CASCADE_CHAINS    ; ON             ; AUTO_CASCADE                                      ;
; IGNORE_CASCADE_BUFFERS ; OFF            ; IGNORE_CASCADE                                    ;
+------------------------+----------------+---------------------------------------------------+
Note: In order to hide this table in the UI and the text report file, please set the "Show Parameter Settings in Synthesis Report" option in "Analysis and Synthesis Settings -> More Settings" to "Off".


+---------------------------------------------------------------------------------------------+
; Parameter Settings for Inferred Entity Instance: seven_segment_full:display|lpm_divide:Div0 ;
+------------------------+----------------+---------------------------------------------------+
; Parameter Name         ; Value          ; Type                                              ;
+------------------------+----------------+---------------------------------------------------+
; LPM_WIDTHN             ; 9              ; Untyped                                           ;
; LPM_WIDTHD             ; 7              ; Untyped                                           ;
; LPM_NREPRESENTATION    ; UNSIGNED       ; Untyped                                           ;
; LPM_DREPRESENTATION    ; UNSIGNED       ; Untyped                                           ;
; LPM_PIPELINE           ; 0              ; Untyped                                           ;
; LPM_REMAINDERPOSITIVE  ; TRUE           ; Untyped                                           ;
; MAXIMIZE_SPEED         ; 5              ; Untyped                                           ;
; CBXI_PARAMETER         ; lpm_divide_9am ; Untyped                                           ;
; CARRY_CHAIN            ; MANUAL         ; Untyped                                           ;
; OPTIMIZE_FOR_SPEED     ; 5              ; Untyped                                           ;
; AUTO_CARRY_CHAINS      ; ON             ; AUTO_CARRY                                        ;
; IGNORE_CARRY_BUFFERS   ; OFF            ; IGNORE_CARRY                                      ;
; AUTO_CASCADE_CHAINS    ; ON             ; AUTO_CASCADE                                      ;
; IGNORE_CASCADE_BUFFERS ; OFF            ; IGNORE_CASCADE                                    ;
+------------------------+----------------+---------------------------------------------------+
Note: In order to hide this table in the UI and the text report file, please set the "Show Parameter Settings in Synthesis Report" option in "Analysis and Synthesis Settings -> More Settings" to "Off".


+-------------------------------------------------------------------------------+
; Parameter Settings for Inferred Entity Instance: alu:math_alu|lpm_divide:Div0 ;
+------------------------+----------------+-------------------------------------+
; Parameter Name         ; Value          ; Type                                ;
+------------------------+----------------+-------------------------------------+
; LPM_WIDTHN             ; 8              ; Untyped                             ;
; LPM_WIDTHD             ; 8              ; Untyped                             ;
; LPM_NREPRESENTATION    ; UNSIGNED       ; Untyped                             ;
; LPM_DREPRESENTATION    ; UNSIGNED       ; Untyped                             ;
; LPM_PIPELINE           ; 0              ; Untyped                             ;
; LPM_REMAINDERPOSITIVE  ; TRUE           ; Untyped                             ;
; MAXIMIZE_SPEED         ; 5              ; Untyped                             ;
; CBXI_PARAMETER         ; lpm_divide_aam ; Untyped                             ;
; CARRY_CHAIN            ; MANUAL         ; Untyped                             ;
; OPTIMIZE_FOR_SPEED     ; 5              ; Untyped                             ;
; AUTO_CARRY_CHAINS      ; ON             ; AUTO_CARRY                          ;
; IGNORE_CARRY_BUFFERS   ; OFF            ; IGNORE_CARRY                        ;
; AUTO_CASCADE_CHAINS    ; ON             ; AUTO_CASCADE                        ;
; IGNORE_CASCADE_BUFFERS ; OFF            ; IGNORE_CASCADE                      ;
+------------------------+----------------+-------------------------------------+
Note: In order to hide this table in the UI and the text report file, please set the "Show Parameter Settings in Synthesis Report" option in "Analysis and Synthesis Settings -> More Settings" to "Off".


+-----------------------------------------------------+
; Post-Synthesis Netlist Statistics for Top Partition ;
+-----------------------+-----------------------------+
; Type                  ; Count                       ;
+-----------------------+-----------------------------+
; arriav_ff             ; 69                          ;
;     CLR               ; 37                          ;
;     ENA               ; 8                           ;
;     ENA CLR           ; 16                          ;
;     ENA CLR SLD       ; 8                           ;
; arriav_lcell_comb     ; 480                         ;
;     arith             ; 208                         ;
;         0 data inputs ; 51                          ;
;         1 data inputs ; 4                           ;
;         2 data inputs ; 18                          ;
;         3 data inputs ; 76                          ;
;         4 data inputs ; 34                          ;
;         5 data inputs ; 25                          ;
;     normal            ; 257                         ;
;         1 data inputs ; 8                           ;
;         2 data inputs ; 77                          ;
;         3 data inputs ; 78                          ;
;         4 data inputs ; 78                          ;
;         5 data inputs ; 14                          ;
;         6 data inputs ; 2                           ;
;     shared            ; 15                          ;
;         0 data inputs ; 7                           ;
;         1 data inputs ; 2                           ;
;         2 data inputs ; 3                           ;
;         4 data inputs ; 3                           ;
; arriav_mac            ; 1                           ;
; boundary_port         ; 41                          ;
;                       ;                             ;
; Max LUT depth         ; 15.70                       ;
; Average LUT depth     ; 9.50                        ;
+-----------------------+-----------------------------+


+-------------------------------+
; Elapsed Time Per Partition    ;
+----------------+--------------+
; Partition Name ; Elapsed Time ;
+----------------+--------------+
; Top            ; 00:00:00     ;
+----------------+--------------+


+-------------------------------+
; Analysis & Synthesis Messages ;
+-------------------------------+
Info: *******************************************************************
Info: Running Quartus Prime Analysis & Synthesis
    Info: Version 18.1.0 Build 625 09/12/2018 SJ Lite Edition
    Info: Processing started: Mon Nov 03 13:14:55 2025
Info: Command: quartus_map --read_settings_files=on --write_settings_files=off lab6_2 -c lab6_2
Warning (18236): Number of processors has not been specified which may cause overloading on shared machines.  Set the global assignment NUM_PARALLEL_PROCESSORS in your QSF to an appropriate value for best performance.
Info (20030): Parallel compilation is enabled and will use 14 of the 14 processors detected
Info (12021): Found 2 design units, including 1 entities, in source file src/sync_bits.vhd
    Info (12022): Found design unit 1: sync_bits-beh File: C:/Users/a9284/Documents/GitHub/CPET-343/Lab6/lab6_2/src/sync_bits.vhd Line: 21
    Info (12023): Found entity 1: sync_bits File: C:/Users/a9284/Documents/GitHub/CPET-343/Lab6/lab6_2/src/sync_bits.vhd Line: 9
Info (12021): Found 2 design units, including 1 entities, in source file src/seven_segment_full.vhd
    Info (12022): Found design unit 1: seven_segment_full-beh File: C:/Users/a9284/Documents/GitHub/CPET-343/Lab6/lab6_2/src/seven_segment_full.vhd Line: 25
    Info (12023): Found entity 1: seven_segment_full File: C:/Users/a9284/Documents/GitHub/CPET-343/Lab6/lab6_2/src/seven_segment_full.vhd Line: 10
Info (12021): Found 2 design units, including 1 entities, in source file src/rising_edge_synchronizer.vhd
    Info (12022): Found design unit 1: rising_edge_synchronizer-beh File: C:/Users/a9284/Documents/GitHub/CPET-343/Lab6/lab6_2/src/rising_edge_synchronizer.vhd Line: 17
    Info (12023): Found entity 1: rising_edge_synchronizer File: C:/Users/a9284/Documents/GitHub/CPET-343/Lab6/lab6_2/src/rising_edge_synchronizer.vhd Line: 8
Info (12021): Found 2 design units, including 1 entities, in source file src/memory.vhd
    Info (12022): Found design unit 1: memory-beh File: C:/Users/a9284/Documents/GitHub/CPET-343/Lab6/lab6_2/src/memory.vhd Line: 23
    Info (12023): Found entity 1: memory File: C:/Users/a9284/Documents/GitHub/CPET-343/Lab6/lab6_2/src/memory.vhd Line: 9
Info (12021): Found 2 design units, including 1 entities, in source file src/math_top.vhd
    Info (12022): Found design unit 1: math_top-top File: C:/Users/a9284/Documents/GitHub/CPET-343/Lab6/lab6_2/src/math_top.vhd Line: 29
    Info (12023): Found entity 1: math_top File: C:/Users/a9284/Documents/GitHub/CPET-343/Lab6/lab6_2/src/math_top.vhd Line: 10
Info (12021): Found 1 design units, including 0 entities, in source file src/components_pkg.vhd
    Info (12022): Found design unit 1: components_pkg File: C:/Users/a9284/Documents/GitHub/CPET-343/Lab6/lab6_2/src/components_pkg.vhd Line: 9
Info (12021): Found 2 design units, including 1 entities, in source file src/alu.vhd
    Info (12022): Found design unit 1: alu-beh File: C:/Users/a9284/Documents/GitHub/CPET-343/Lab6/lab6_2/src/alu.vhd Line: 21
    Info (12023): Found entity 1: alu File: C:/Users/a9284/Documents/GitHub/CPET-343/Lab6/lab6_2/src/alu.vhd Line: 9
Info (12021): Found 2 design units, including 1 entities, in source file src/addr_ctrl.vhd
    Info (12022): Found design unit 1: addr_ctrl-beh File: C:/Users/a9284/Documents/GitHub/CPET-343/Lab6/lab6_2/src/addr_ctrl.vhd Line: 24
    Info (12023): Found entity 1: addr_ctrl File: C:/Users/a9284/Documents/GitHub/CPET-343/Lab6/lab6_2/src/addr_ctrl.vhd Line: 10
Info (12127): Elaborating entity "math_top" for the top level hierarchy
Info (12128): Elaborating entity "sync_bits" for hierarchy "sync_bits:bit_synchronizer" File: C:/Users/a9284/Documents/GitHub/CPET-343/Lab6/lab6_2/src/math_top.vhd Line: 45
Info (12128): Elaborating entity "rising_edge_synchronizer" for hierarchy "rising_edge_synchronizer:ms_sync" File: C:/Users/a9284/Documents/GitHub/CPET-343/Lab6/lab6_2/src/math_top.vhd Line: 56
Info (12128): Elaborating entity "alu" for hierarchy "alu:math_alu" File: C:/Users/a9284/Documents/GitHub/CPET-343/Lab6/lab6_2/src/math_top.vhd Line: 80
Info (12128): Elaborating entity "memory" for hierarchy "memory:ram_mem" File: C:/Users/a9284/Documents/GitHub/CPET-343/Lab6/lab6_2/src/math_top.vhd Line: 91
Warning (10492): VHDL Process Statement warning at memory.vhd(37): signal "ADDR" is read inside the Process Statement but isn't in the Process Statement's sensitivity list File: C:/Users/a9284/Documents/GitHub/CPET-343/Lab6/lab6_2/src/memory.vhd Line: 37
Info (12128): Elaborating entity "addr_ctrl" for hierarchy "addr_ctrl:ctrl_mem" File: C:/Users/a9284/Documents/GitHub/CPET-343/Lab6/lab6_2/src/math_top.vhd Line: 106
Warning (10631): VHDL Process Statement warning at addr_ctrl.vhd(53): inferring latch(es) for signal or variable "nxt_st", which holds its previous value in one or more paths through the process File: C:/Users/a9284/Documents/GitHub/CPET-343/Lab6/lab6_2/src/addr_ctrl.vhd Line: 53
Info (10041): Inferred latch for "nxt_st.HOLD" at addr_ctrl.vhd(53) File: C:/Users/a9284/Documents/GitHub/CPET-343/Lab6/lab6_2/src/addr_ctrl.vhd Line: 53
Info (10041): Inferred latch for "nxt_st.READ_S" at addr_ctrl.vhd(53) File: C:/Users/a9284/Documents/GitHub/CPET-343/Lab6/lab6_2/src/addr_ctrl.vhd Line: 53
Info (10041): Inferred latch for "nxt_st.WRITE_S" at addr_ctrl.vhd(53) File: C:/Users/a9284/Documents/GitHub/CPET-343/Lab6/lab6_2/src/addr_ctrl.vhd Line: 53
Info (10041): Inferred latch for "nxt_st.WRITE_W" at addr_ctrl.vhd(53) File: C:/Users/a9284/Documents/GitHub/CPET-343/Lab6/lab6_2/src/addr_ctrl.vhd Line: 53
Info (10041): Inferred latch for "nxt_st.WR_NO_OP" at addr_ctrl.vhd(53) File: C:/Users/a9284/Documents/GitHub/CPET-343/Lab6/lab6_2/src/addr_ctrl.vhd Line: 53
Info (10041): Inferred latch for "nxt_st.IDLE" at addr_ctrl.vhd(53) File: C:/Users/a9284/Documents/GitHub/CPET-343/Lab6/lab6_2/src/addr_ctrl.vhd Line: 53
Info (12128): Elaborating entity "seven_segment_full" for hierarchy "seven_segment_full:display" File: C:/Users/a9284/Documents/GitHub/CPET-343/Lab6/lab6_2/src/math_top.vhd Line: 118
Info (278001): Inferred 5 megafunctions from design logic
    Info (278004): Inferred divider/modulo megafunction ("lpm_divide") from the following logic: "seven_segment_full:display|Mod1" File: C:/Users/a9284/Documents/GitHub/CPET-343/Lab6/lab6_2/src/seven_segment_full.vhd Line: 58
    Info (278004): Inferred divider/modulo megafunction ("lpm_divide") from the following logic: "seven_segment_full:display|Div1" File: C:/Users/a9284/Documents/GitHub/CPET-343/Lab6/lab6_2/src/seven_segment_full.vhd Line: 57
    Info (278004): Inferred divider/modulo megafunction ("lpm_divide") from the following logic: "seven_segment_full:display|Mod0" File: C:/Users/a9284/Documents/GitHub/CPET-343/Lab6/lab6_2/src/seven_segment_full.vhd Line: 57
    Info (278004): Inferred divider/modulo megafunction ("lpm_divide") from the following logic: "seven_segment_full:display|Div0" File: C:/Users/a9284/Documents/GitHub/CPET-343/Lab6/lab6_2/src/seven_segment_full.vhd Line: 56
    Info (278004): Inferred divider/modulo megafunction ("lpm_divide") from the following logic: "alu:math_alu|Div0" File: C:/Users/a9284/Documents/GitHub/CPET-343/Lab6/lab6_2/src/alu.vhd Line: 37
Info (12130): Elaborated megafunction instantiation "seven_segment_full:display|lpm_divide:Mod1" File: C:/Users/a9284/Documents/GitHub/CPET-343/Lab6/lab6_2/src/seven_segment_full.vhd Line: 58
Info (12133): Instantiated megafunction "seven_segment_full:display|lpm_divide:Mod1" with the following parameter: File: C:/Users/a9284/Documents/GitHub/CPET-343/Lab6/lab6_2/src/seven_segment_full.vhd Line: 58
    Info (12134): Parameter "LPM_WIDTHN" = "9"
    Info (12134): Parameter "LPM_WIDTHD" = "9"
    Info (12134): Parameter "LPM_NREPRESENTATION" = "UNSIGNED"
    Info (12134): Parameter "LPM_DREPRESENTATION" = "UNSIGNED"
Info (12021): Found 1 design units, including 1 entities, in source file db/lpm_divide_e2m.tdf
    Info (12023): Found entity 1: lpm_divide_e2m File: C:/Users/a9284/Documents/GitHub/CPET-343/Lab6/lab6_2/db/lpm_divide_e2m.tdf Line: 24
Info (12021): Found 1 design units, including 1 entities, in source file db/sign_div_unsign_hkh.tdf
    Info (12023): Found entity 1: sign_div_unsign_hkh File: C:/Users/a9284/Documents/GitHub/CPET-343/Lab6/lab6_2/db/sign_div_unsign_hkh.tdf Line: 24
Info (12021): Found 1 design units, including 1 entities, in source file db/alt_u_div_8te.tdf
    Info (12023): Found entity 1: alt_u_div_8te File: C:/Users/a9284/Documents/GitHub/CPET-343/Lab6/lab6_2/db/alt_u_div_8te.tdf Line: 22
Info (12130): Elaborated megafunction instantiation "seven_segment_full:display|lpm_divide:Div1" File: C:/Users/a9284/Documents/GitHub/CPET-343/Lab6/lab6_2/src/seven_segment_full.vhd Line: 57
Info (12133): Instantiated megafunction "seven_segment_full:display|lpm_divide:Div1" with the following parameter: File: C:/Users/a9284/Documents/GitHub/CPET-343/Lab6/lab6_2/src/seven_segment_full.vhd Line: 57
    Info (12134): Parameter "LPM_WIDTHN" = "9"
    Info (12134): Parameter "LPM_WIDTHD" = "4"
    Info (12134): Parameter "LPM_NREPRESENTATION" = "UNSIGNED"
    Info (12134): Parameter "LPM_DREPRESENTATION" = "UNSIGNED"
Info (12021): Found 1 design units, including 1 entities, in source file db/lpm_divide_6am.tdf
    Info (12023): Found entity 1: lpm_divide_6am File: C:/Users/a9284/Documents/GitHub/CPET-343/Lab6/lab6_2/db/lpm_divide_6am.tdf Line: 24
Info (12021): Found 1 design units, including 1 entities, in source file db/sign_div_unsign_ckh.tdf
    Info (12023): Found entity 1: sign_div_unsign_ckh File: C:/Users/a9284/Documents/GitHub/CPET-343/Lab6/lab6_2/db/sign_div_unsign_ckh.tdf Line: 24
Info (12021): Found 1 design units, including 1 entities, in source file db/alt_u_div_use.tdf
    Info (12023): Found entity 1: alt_u_div_use File: C:/Users/a9284/Documents/GitHub/CPET-343/Lab6/lab6_2/db/alt_u_div_use.tdf Line: 22
Info (12130): Elaborated megafunction instantiation "seven_segment_full:display|lpm_divide:Mod0" File: C:/Users/a9284/Documents/GitHub/CPET-343/Lab6/lab6_2/src/seven_segment_full.vhd Line: 57
Info (12133): Instantiated megafunction "seven_segment_full:display|lpm_divide:Mod0" with the following parameter: File: C:/Users/a9284/Documents/GitHub/CPET-343/Lab6/lab6_2/src/seven_segment_full.vhd Line: 57
    Info (12134): Parameter "LPM_WIDTHN" = "9"
    Info (12134): Parameter "LPM_WIDTHD" = "9"
    Info (12134): Parameter "LPM_NREPRESENTATION" = "UNSIGNED"
    Info (12134): Parameter "LPM_DREPRESENTATION" = "UNSIGNED"
Info (12130): Elaborated megafunction instantiation "seven_segment_full:display|lpm_divide:Div0" File: C:/Users/a9284/Documents/GitHub/CPET-343/Lab6/lab6_2/src/seven_segment_full.vhd Line: 56
Info (12133): Instantiated megafunction "seven_segment_full:display|lpm_divide:Div0" with the following parameter: File: C:/Users/a9284/Documents/GitHub/CPET-343/Lab6/lab6_2/src/seven_segment_full.vhd Line: 56
    Info (12134): Parameter "LPM_WIDTHN" = "9"
    Info (12134): Parameter "LPM_WIDTHD" = "7"
    Info (12134): Parameter "LPM_NREPRESENTATION" = "UNSIGNED"
    Info (12134): Parameter "LPM_DREPRESENTATION" = "UNSIGNED"
Info (12021): Found 1 design units, including 1 entities, in source file db/lpm_divide_9am.tdf
    Info (12023): Found entity 1: lpm_divide_9am File: C:/Users/a9284/Documents/GitHub/CPET-343/Lab6/lab6_2/db/lpm_divide_9am.tdf Line: 24
Info (12021): Found 1 design units, including 1 entities, in source file db/sign_div_unsign_fkh.tdf
    Info (12023): Found entity 1: sign_div_unsign_fkh File: C:/Users/a9284/Documents/GitHub/CPET-343/Lab6/lab6_2/db/sign_div_unsign_fkh.tdf Line: 24
Info (12021): Found 1 design units, including 1 entities, in source file db/alt_u_div_4te.tdf
    Info (12023): Found entity 1: alt_u_div_4te File: C:/Users/a9284/Documents/GitHub/CPET-343/Lab6/lab6_2/db/alt_u_div_4te.tdf Line: 22
Info (12130): Elaborated megafunction instantiation "alu:math_alu|lpm_divide:Div0" File: C:/Users/a9284/Documents/GitHub/CPET-343/Lab6/lab6_2/src/alu.vhd Line: 37
Info (12133): Instantiated megafunction "alu:math_alu|lpm_divide:Div0" with the following parameter: File: C:/Users/a9284/Documents/GitHub/CPET-343/Lab6/lab6_2/src/alu.vhd Line: 37
    Info (12134): Parameter "LPM_WIDTHN" = "8"
    Info (12134): Parameter "LPM_WIDTHD" = "8"
    Info (12134): Parameter "LPM_NREPRESENTATION" = "UNSIGNED"
    Info (12134): Parameter "LPM_DREPRESENTATION" = "UNSIGNED"
Info (12021): Found 1 design units, including 1 entities, in source file db/lpm_divide_aam.tdf
    Info (12023): Found entity 1: lpm_divide_aam File: C:/Users/a9284/Documents/GitHub/CPET-343/Lab6/lab6_2/db/lpm_divide_aam.tdf Line: 24
Info (12021): Found 1 design units, including 1 entities, in source file db/sign_div_unsign_gkh.tdf
    Info (12023): Found entity 1: sign_div_unsign_gkh File: C:/Users/a9284/Documents/GitHub/CPET-343/Lab6/lab6_2/db/sign_div_unsign_gkh.tdf Line: 24
Info (12021): Found 1 design units, including 1 entities, in source file db/alt_u_div_5te.tdf
    Info (12023): Found entity 1: alt_u_div_5te File: C:/Users/a9284/Documents/GitHub/CPET-343/Lab6/lab6_2/db/alt_u_div_5te.tdf Line: 22
Warning (13012): Latch addr_ctrl:ctrl_mem|nxt_st.IDLE_223 has unsafe behavior File: C:/Users/a9284/Documents/GitHub/CPET-343/Lab6/lab6_2/src/addr_ctrl.vhd Line: 53
    Warning (13013): Ports D and ENA on the latch are fed by the same signal rising_edge_synchronizer:exec_sync|EDGE File: C:/Users/a9284/Documents/GitHub/CPET-343/Lab6/lab6_2/src/rising_edge_synchronizer.vhd Line: 13
Warning (13012): Latch addr_ctrl:ctrl_mem|nxt_st.READ_S_179 has unsafe behavior File: C:/Users/a9284/Documents/GitHub/CPET-343/Lab6/lab6_2/src/addr_ctrl.vhd Line: 53
    Warning (13013): Ports D and ENA on the latch are fed by the same signal rising_edge_synchronizer:exec_sync|EDGE File: C:/Users/a9284/Documents/GitHub/CPET-343/Lab6/lab6_2/src/rising_edge_synchronizer.vhd Line: 13
Warning (13012): Latch addr_ctrl:ctrl_mem|nxt_st.WR_NO_OP_212 has unsafe behavior File: C:/Users/a9284/Documents/GitHub/CPET-343/Lab6/lab6_2/src/addr_ctrl.vhd Line: 53
    Warning (13013): Ports D and ENA on the latch are fed by the same signal rising_edge_synchronizer:exec_sync|EDGE File: C:/Users/a9284/Documents/GitHub/CPET-343/Lab6/lab6_2/src/rising_edge_synchronizer.vhd Line: 13
Warning (13012): Latch addr_ctrl:ctrl_mem|nxt_st.WRITE_S_190 has unsafe behavior File: C:/Users/a9284/Documents/GitHub/CPET-343/Lab6/lab6_2/src/addr_ctrl.vhd Line: 53
    Warning (13013): Ports D and ENA on the latch are fed by the same signal rising_edge_synchronizer:exec_sync|EDGE File: C:/Users/a9284/Documents/GitHub/CPET-343/Lab6/lab6_2/src/rising_edge_synchronizer.vhd Line: 13
Warning (13004): Presettable and clearable registers converted to equivalent circuits with latches. Registers power-up to an undefined state, and DEVCLRn places the registers in an undefined state.
    Warning (13310): Register "memory:ram_mem|RAM[0][0]" is converted into an equivalent circuit using register "memory:ram_mem|RAM[0][0]~_emulated" and latch "memory:ram_mem|RAM[0][0]~1" File: C:/Users/a9284/Documents/GitHub/CPET-343/Lab6/lab6_2/src/memory.vhd Line: 36
    Warning (13310): Register "memory:ram_mem|RAM[0][1]" is converted into an equivalent circuit using register "memory:ram_mem|RAM[0][1]~_emulated" and latch "memory:ram_mem|RAM[0][1]~5" File: C:/Users/a9284/Documents/GitHub/CPET-343/Lab6/lab6_2/src/memory.vhd Line: 36
    Warning (13310): Register "memory:ram_mem|RAM[0][2]" is converted into an equivalent circuit using register "memory:ram_mem|RAM[0][2]~_emulated" and latch "memory:ram_mem|RAM[0][2]~9" File: C:/Users/a9284/Documents/GitHub/CPET-343/Lab6/lab6_2/src/memory.vhd Line: 36
    Warning (13310): Register "memory:ram_mem|RAM[0][3]" is converted into an equivalent circuit using register "memory:ram_mem|RAM[0][3]~_emulated" and latch "memory:ram_mem|RAM[0][3]~13" File: C:/Users/a9284/Documents/GitHub/CPET-343/Lab6/lab6_2/src/memory.vhd Line: 36
    Warning (13310): Register "memory:ram_mem|RAM[1][0]" is converted into an equivalent circuit using register "memory:ram_mem|RAM[1][0]~_emulated" and latch "memory:ram_mem|RAM[1][0]~17" File: C:/Users/a9284/Documents/GitHub/CPET-343/Lab6/lab6_2/src/memory.vhd Line: 36
    Warning (13310): Register "memory:ram_mem|RAM[1][1]" is converted into an equivalent circuit using register "memory:ram_mem|RAM[1][1]~_emulated" and latch "memory:ram_mem|RAM[1][1]~21" File: C:/Users/a9284/Documents/GitHub/CPET-343/Lab6/lab6_2/src/memory.vhd Line: 36
    Warning (13310): Register "memory:ram_mem|RAM[1][2]" is converted into an equivalent circuit using register "memory:ram_mem|RAM[1][2]~_emulated" and latch "memory:ram_mem|RAM[1][2]~25" File: C:/Users/a9284/Documents/GitHub/CPET-343/Lab6/lab6_2/src/memory.vhd Line: 36
    Warning (13310): Register "memory:ram_mem|RAM[1][3]" is converted into an equivalent circuit using register "memory:ram_mem|RAM[1][3]~_emulated" and latch "memory:ram_mem|RAM[1][3]~29" File: C:/Users/a9284/Documents/GitHub/CPET-343/Lab6/lab6_2/src/memory.vhd Line: 36
    Warning (13310): Register "memory:ram_mem|RAM[0][4]" is converted into an equivalent circuit using register "memory:ram_mem|RAM[0][4]~_emulated" and latch "memory:ram_mem|RAM[0][4]~33" File: C:/Users/a9284/Documents/GitHub/CPET-343/Lab6/lab6_2/src/memory.vhd Line: 36
    Warning (13310): Register "memory:ram_mem|RAM[0][5]" is converted into an equivalent circuit using register "memory:ram_mem|RAM[0][5]~_emulated" and latch "memory:ram_mem|RAM[0][5]~37" File: C:/Users/a9284/Documents/GitHub/CPET-343/Lab6/lab6_2/src/memory.vhd Line: 36
    Warning (13310): Register "memory:ram_mem|RAM[0][6]" is converted into an equivalent circuit using register "memory:ram_mem|RAM[0][6]~_emulated" and latch "memory:ram_mem|RAM[0][6]~41" File: C:/Users/a9284/Documents/GitHub/CPET-343/Lab6/lab6_2/src/memory.vhd Line: 36
    Warning (13310): Register "memory:ram_mem|RAM[0][7]" is converted into an equivalent circuit using register "memory:ram_mem|RAM[0][7]~_emulated" and latch "memory:ram_mem|RAM[0][7]~45" File: C:/Users/a9284/Documents/GitHub/CPET-343/Lab6/lab6_2/src/memory.vhd Line: 36
    Warning (13310): Register "memory:ram_mem|RAM[1][4]" is converted into an equivalent circuit using register "memory:ram_mem|RAM[1][4]~_emulated" and latch "memory:ram_mem|RAM[1][4]~49" File: C:/Users/a9284/Documents/GitHub/CPET-343/Lab6/lab6_2/src/memory.vhd Line: 36
    Warning (13310): Register "memory:ram_mem|RAM[1][5]" is converted into an equivalent circuit using register "memory:ram_mem|RAM[1][5]~_emulated" and latch "memory:ram_mem|RAM[1][5]~53" File: C:/Users/a9284/Documents/GitHub/CPET-343/Lab6/lab6_2/src/memory.vhd Line: 36
    Warning (13310): Register "memory:ram_mem|RAM[1][6]" is converted into an equivalent circuit using register "memory:ram_mem|RAM[1][6]~_emulated" and latch "memory:ram_mem|RAM[1][6]~57" File: C:/Users/a9284/Documents/GitHub/CPET-343/Lab6/lab6_2/src/memory.vhd Line: 36
    Warning (13310): Register "memory:ram_mem|RAM[1][7]" is converted into an equivalent circuit using register "memory:ram_mem|RAM[1][7]~_emulated" and latch "memory:ram_mem|RAM[1][7]~61" File: C:/Users/a9284/Documents/GitHub/CPET-343/Lab6/lab6_2/src/memory.vhd Line: 36
Info (286030): Timing-Driven Synthesis is running
Info (16010): Generating hard_block partition "hard_block:auto_generated_inst"
    Info (16011): Adding 0 node(s), including 0 DDIO, 0 PLL, 0 transceiver and 0 LCELL
Info (21057): Implemented 553 device resources after synthesis - the final resource count might be different
    Info (21058): Implemented 15 input pins
    Info (21059): Implemented 26 output pins
    Info (21061): Implemented 511 logic cells
    Info (21062): Implemented 1 DSP elements
Info: Quartus Prime Analysis & Synthesis was successful. 0 errors, 28 warnings
    Info: Peak virtual memory: 4992 megabytes
    Info: Processing ended: Mon Nov 03 13:15:03 2025
    Info: Elapsed time: 00:00:08
    Info: Total CPU time (on all processors): 00:00:15


