Analysis & Synthesis report for lab6
Mon Oct 27 15:14:46 2025
Quartus Prime Version 18.1.0 Build 625 09/12/2018 SJ Lite Edition


---------------------
; Table of Contents ;
---------------------
  1. Legal Notice
  2. Analysis & Synthesis Summary
  3. Analysis & Synthesis Settings
  4. Parallel Compilation
  5. Analysis & Synthesis Source Files Read
  6. Analysis & Synthesis Resource Usage Summary
  7. Analysis & Synthesis Resource Utilization by Entity
  8. Analysis & Synthesis DSP Block Usage Summary
  9. Registers Removed During Synthesis
 10. General Register Statistics
 11. Multiplexer Restructuring Statistics (Restructuring Performed)
 12. Parameter Settings for Inferred Entity Instance: calculator:calculator_inst|alu:alu_inst|lpm_divide:Div0
 13. Port Connectivity Checks: "seven_seg:seg_hundreds"
 14. Port Connectivity Checks: "calculator:calculator_inst|memory:memory_inst"
 15. Post-Synthesis Netlist Statistics for Top Partition
 16. Elapsed Time Per Partition
 17. Analysis & Synthesis Messages



----------------
; Legal Notice ;
----------------
Copyright (C) 2018  Intel Corporation. All rights reserved.
Your use of Intel Corporation's design tools, logic functions 
and other software and tools, and its AMPP partner logic 
functions, and any output files from any of the foregoing 
(including device programming or simulation files), and any 
associated documentation or information are expressly subject 
to the terms and conditions of the Intel Program License 
Subscription Agreement, the Intel Quartus Prime License Agreement,
the Intel FPGA IP License Agreement, or other applicable license
agreement, including, without limitation, that your use is for
the sole purpose of programming logic devices manufactured by
Intel and sold by Intel or its authorized distributors.  Please
refer to the applicable agreement for further details.



+-------------------------------------------------------------------------------+
; Analysis & Synthesis Summary                                                  ;
+---------------------------------+---------------------------------------------+
; Analysis & Synthesis Status     ; Successful - Mon Oct 27 15:14:46 2025       ;
; Quartus Prime Version           ; 18.1.0 Build 625 09/12/2018 SJ Lite Edition ;
; Revision Name                   ; lab6                                        ;
; Top-level Entity Name           ; top                                         ;
; Family                          ; Cyclone V                                   ;
; Logic utilization (in ALMs)     ; N/A                                         ;
; Total registers                 ; 49                                          ;
; Total pins                      ; 40                                          ;
; Total virtual pins              ; 0                                           ;
; Total block memory bits         ; 0                                           ;
; Total DSP Blocks                ; 1                                           ;
; Total HSSI RX PCSs              ; 0                                           ;
; Total HSSI PMA RX Deserializers ; 0                                           ;
; Total HSSI TX PCSs              ; 0                                           ;
; Total HSSI PMA TX Serializers   ; 0                                           ;
; Total PLLs                      ; 0                                           ;
; Total DLLs                      ; 0                                           ;
+---------------------------------+---------------------------------------------+


+---------------------------------------------------------------------------------------------------------------------------+
; Analysis & Synthesis Settings                                                                                             ;
+---------------------------------------------------------------------------------+--------------------+--------------------+
; Option                                                                          ; Setting            ; Default Value      ;
+---------------------------------------------------------------------------------+--------------------+--------------------+
; Device                                                                          ; 5CSEMA5F31C6       ;                    ;
; Top-level entity name                                                           ; top                ; lab6               ;
; Family name                                                                     ; Cyclone V          ; Cyclone V          ;
; VHDL Show LMF Mapping Messages                                                  ; Off                ;                    ;
; VHDL Version                                                                    ; VHDL_2008          ; VHDL_1993          ;
; Use smart compilation                                                           ; Off                ; Off                ;
; Enable parallel Assembler and Timing Analyzer during compilation                ; On                 ; On                 ;
; Enable compact report table                                                     ; Off                ; Off                ;
; Restructure Multiplexers                                                        ; Auto               ; Auto               ;
; MLAB Add Timing Constraints For Mixed-Port Feed-Through Mode Setting Don't Care ; Off                ; Off                ;
; Create Debugging Nodes for IP Cores                                             ; Off                ; Off                ;
; Preserve fewer node names                                                       ; On                 ; On                 ;
; Intel FPGA IP Evaluation Mode                                                   ; Enable             ; Enable             ;
; Verilog Version                                                                 ; Verilog_2001       ; Verilog_2001       ;
; State Machine Processing                                                        ; Auto               ; Auto               ;
; Safe State Machine                                                              ; Off                ; Off                ;
; Extract Verilog State Machines                                                  ; On                 ; On                 ;
; Extract VHDL State Machines                                                     ; On                 ; On                 ;
; Ignore Verilog initial constructs                                               ; Off                ; Off                ;
; Iteration limit for constant Verilog loops                                      ; 5000               ; 5000               ;
; Iteration limit for non-constant Verilog loops                                  ; 250                ; 250                ;
; Add Pass-Through Logic to Inferred RAMs                                         ; On                 ; On                 ;
; Infer RAMs from Raw Logic                                                       ; On                 ; On                 ;
; Parallel Synthesis                                                              ; On                 ; On                 ;
; DSP Block Balancing                                                             ; Auto               ; Auto               ;
; NOT Gate Push-Back                                                              ; On                 ; On                 ;
; Power-Up Don't Care                                                             ; On                 ; On                 ;
; Remove Redundant Logic Cells                                                    ; Off                ; Off                ;
; Remove Duplicate Registers                                                      ; On                 ; On                 ;
; Ignore CARRY Buffers                                                            ; Off                ; Off                ;
; Ignore CASCADE Buffers                                                          ; Off                ; Off                ;
; Ignore GLOBAL Buffers                                                           ; Off                ; Off                ;
; Ignore ROW GLOBAL Buffers                                                       ; Off                ; Off                ;
; Ignore LCELL Buffers                                                            ; Off                ; Off                ;
; Ignore SOFT Buffers                                                             ; On                 ; On                 ;
; Limit AHDL Integers to 32 Bits                                                  ; Off                ; Off                ;
; Optimization Technique                                                          ; Balanced           ; Balanced           ;
; Carry Chain Length                                                              ; 70                 ; 70                 ;
; Auto Carry Chains                                                               ; On                 ; On                 ;
; Auto Open-Drain Pins                                                            ; On                 ; On                 ;
; Perform WYSIWYG Primitive Resynthesis                                           ; Off                ; Off                ;
; Auto ROM Replacement                                                            ; On                 ; On                 ;
; Auto RAM Replacement                                                            ; On                 ; On                 ;
; Auto DSP Block Replacement                                                      ; On                 ; On                 ;
; Auto Shift Register Replacement                                                 ; Auto               ; Auto               ;
; Allow Shift Register Merging across Hierarchies                                 ; Auto               ; Auto               ;
; Auto Clock Enable Replacement                                                   ; On                 ; On                 ;
; Strict RAM Replacement                                                          ; Off                ; Off                ;
; Allow Synchronous Control Signals                                               ; On                 ; On                 ;
; Force Use of Synchronous Clear Signals                                          ; Off                ; Off                ;
; Auto Resource Sharing                                                           ; Off                ; Off                ;
; Allow Any RAM Size For Recognition                                              ; Off                ; Off                ;
; Allow Any ROM Size For Recognition                                              ; Off                ; Off                ;
; Allow Any Shift Register Size For Recognition                                   ; Off                ; Off                ;
; Use LogicLock Constraints during Resource Balancing                             ; On                 ; On                 ;
; Ignore translate_off and synthesis_off directives                               ; Off                ; Off                ;
; Timing-Driven Synthesis                                                         ; On                 ; On                 ;
; Report Parameter Settings                                                       ; On                 ; On                 ;
; Report Source Assignments                                                       ; On                 ; On                 ;
; Report Connectivity Checks                                                      ; On                 ; On                 ;
; Ignore Maximum Fan-Out Assignments                                              ; Off                ; Off                ;
; Synchronization Register Chain Length                                           ; 3                  ; 3                  ;
; Power Optimization During Synthesis                                             ; Normal compilation ; Normal compilation ;
; HDL message level                                                               ; Level2             ; Level2             ;
; Suppress Register Optimization Related Messages                                 ; Off                ; Off                ;
; Number of Removed Registers Reported in Synthesis Report                        ; 5000               ; 5000               ;
; Number of Swept Nodes Reported in Synthesis Report                              ; 5000               ; 5000               ;
; Number of Inverted Registers Reported in Synthesis Report                       ; 100                ; 100                ;
; Clock MUX Protection                                                            ; On                 ; On                 ;
; Auto Gated Clock Conversion                                                     ; Off                ; Off                ;
; Block Design Naming                                                             ; Auto               ; Auto               ;
; SDC constraint protection                                                       ; Off                ; Off                ;
; Synthesis Effort                                                                ; Auto               ; Auto               ;
; Shift Register Replacement - Allow Asynchronous Clear Signal                    ; On                 ; On                 ;
; Pre-Mapping Resynthesis Optimization                                            ; Off                ; Off                ;
; Analysis & Synthesis Message Level                                              ; Medium             ; Medium             ;
; Disable Register Merging Across Hierarchies                                     ; Auto               ; Auto               ;
; Resource Aware Inference For Block RAM                                          ; On                 ; On                 ;
; Automatic Parallel Synthesis                                                    ; On                 ; On                 ;
; Partial Reconfiguration Bitstream ID                                            ; Off                ; Off                ;
+---------------------------------------------------------------------------------+--------------------+--------------------+


+------------------------------------------+
; Parallel Compilation                     ;
+----------------------------+-------------+
; Processors                 ; Number      ;
+----------------------------+-------------+
; Number detected on machine ; 20          ;
; Maximum allowed            ; 14          ;
;                            ;             ;
; Average used               ; 1.00        ;
; Maximum used               ; 14          ;
;                            ;             ;
; Usage by Processor         ; % Time Used ;
;     Processor 1            ; 100.0%      ;
;     Processors 2-14        ;   0.0%      ;
+----------------------------+-------------+


+-------------------------------------------------------------------------------------------------------------------------------------------------------------------------------------+
; Analysis & Synthesis Source Files Read                                                                                                                                              ;
+----------------------------------+-----------------+------------------------------+---------------------------------------------------------------------------------------+---------+
; File Name with User-Entered Path ; Used in Netlist ; File Type                    ; File Name with Absolute Path                                                          ; Library ;
+----------------------------------+-----------------+------------------------------+---------------------------------------------------------------------------------------+---------+
; src/seven_seg.vhd                ; yes             ; User VHDL File               ; C:/Users/a9284/Documents/GitHub/CPET-343/Lab6/toPost/src/seven_seg.vhd                ;         ;
; src/top.vhd                      ; yes             ; User VHDL File               ; C:/Users/a9284/Documents/GitHub/CPET-343/Lab6/toPost/src/top.vhd                      ;         ;
; src/synchronizer_8bit.vhd        ; yes             ; User VHDL File               ; C:/Users/a9284/Documents/GitHub/CPET-343/Lab6/toPost/src/synchronizer_8bit.vhd        ;         ;
; src/rising_edge_synchronizer.vhd ; yes             ; User VHDL File               ; C:/Users/a9284/Documents/GitHub/CPET-343/Lab6/toPost/src/rising_edge_synchronizer.vhd ;         ;
; src/memory.vhd                   ; yes             ; User VHDL File               ; C:/Users/a9284/Documents/GitHub/CPET-343/Lab6/toPost/src/memory.vhd                   ;         ;
; src/components.vhd               ; yes             ; User VHDL File               ; C:/Users/a9284/Documents/GitHub/CPET-343/Lab6/toPost/src/components.vhd               ;         ;
; src/calculator.vhd               ; yes             ; User VHDL File               ; C:/Users/a9284/Documents/GitHub/CPET-343/Lab6/toPost/src/calculator.vhd               ;         ;
; src/alu.vhd                      ; yes             ; User VHDL File               ; C:/Users/a9284/Documents/GitHub/CPET-343/Lab6/toPost/src/alu.vhd                      ;         ;
; lpm_divide.tdf                   ; yes             ; Megafunction                 ; c:/intelfpga_lite/18.1/quartus/libraries/megafunctions/lpm_divide.tdf                 ;         ;
; abs_divider.inc                  ; yes             ; Megafunction                 ; c:/intelfpga_lite/18.1/quartus/libraries/megafunctions/abs_divider.inc                ;         ;
; sign_div_unsign.inc              ; yes             ; Megafunction                 ; c:/intelfpga_lite/18.1/quartus/libraries/megafunctions/sign_div_unsign.inc            ;         ;
; aglobal181.inc                   ; yes             ; Megafunction                 ; c:/intelfpga_lite/18.1/quartus/libraries/megafunctions/aglobal181.inc                 ;         ;
; db/lpm_divide_7dm.tdf            ; yes             ; Auto-Generated Megafunction  ; C:/Users/a9284/Documents/GitHub/CPET-343/Lab6/toPost/db/lpm_divide_7dm.tdf            ;         ;
; db/sign_div_unsign_dnh.tdf       ; yes             ; Auto-Generated Megafunction  ; C:/Users/a9284/Documents/GitHub/CPET-343/Lab6/toPost/db/sign_div_unsign_dnh.tdf       ;         ;
; db/alt_u_div_03f.tdf             ; yes             ; Auto-Generated Megafunction  ; C:/Users/a9284/Documents/GitHub/CPET-343/Lab6/toPost/db/alt_u_div_03f.tdf             ;         ;
+----------------------------------+-----------------+------------------------------+---------------------------------------------------------------------------------------+---------+


+---------------------------------------------------------+
; Analysis & Synthesis Resource Usage Summary             ;
+---------------------------------------------+-----------+
; Resource                                    ; Usage     ;
+---------------------------------------------+-----------+
; Estimate of Logic utilization (ALMs needed) ; 199       ;
;                                             ;           ;
; Combinational ALUT usage for logic          ; 377       ;
;     -- 7 input functions                    ; 0         ;
;     -- 6 input functions                    ; 6         ;
;     -- 5 input functions                    ; 72        ;
;     -- 4 input functions                    ; 132       ;
;     -- <=3 input functions                  ; 167       ;
;                                             ;           ;
; Dedicated logic registers                   ; 49        ;
;                                             ;           ;
; I/O pins                                    ; 40        ;
;                                             ;           ;
; Total DSP Blocks                            ; 1         ;
;                                             ;           ;
; Maximum fan-out node                        ; clk~input ;
; Maximum fan-out                             ; 49        ;
; Total fan-out                               ; 1682      ;
; Average fan-out                             ; 3.32      ;
+---------------------------------------------+-----------+


+----------------------------------------------------------------------------------------------------------------------------------------------------------------------------------------------------------------------------------------------------------------------------------------------------------------------------------------------------------+
; Analysis & Synthesis Resource Utilization by Entity                                                                                                                                                                                                                                                                                                      ;
+--------------------------------------------------------+---------------------+---------------------------+-------------------+------------+------+--------------+----------------------------------------------------------------------------------------------------------------------------------------------+--------------------------+--------------+
; Compilation Hierarchy Node                             ; Combinational ALUTs ; Dedicated Logic Registers ; Block Memory Bits ; DSP Blocks ; Pins ; Virtual Pins ; Full Hierarchy Name                                                                                                                          ; Entity Name              ; Library Name ;
+--------------------------------------------------------+---------------------+---------------------------+-------------------+------------+------+--------------+----------------------------------------------------------------------------------------------------------------------------------------------+--------------------------+--------------+
; |top                                                   ; 377 (11)            ; 49 (0)                    ; 0                 ; 1          ; 40   ; 0            ; |top                                                                                                                                         ; top                      ; work         ;
;    |calculator:calculator_inst|                        ; 349 (10)            ; 41 (11)                   ; 0                 ; 1          ; 0    ; 0            ; |top|calculator:calculator_inst                                                                                                              ; calculator               ; work         ;
;       |alu:alu_inst|                                   ; 337 (26)            ; 16 (16)                   ; 0                 ; 1          ; 0    ; 0            ; |top|calculator:calculator_inst|alu:alu_inst                                                                                                 ; alu                      ; work         ;
;          |lpm_divide:Div0|                             ; 311 (0)             ; 0 (0)                     ; 0                 ; 0          ; 0    ; 0            ; |top|calculator:calculator_inst|alu:alu_inst|lpm_divide:Div0                                                                                 ; lpm_divide               ; work         ;
;             |lpm_divide_7dm:auto_generated|            ; 311 (0)             ; 0 (0)                     ; 0                 ; 0          ; 0    ; 0            ; |top|calculator:calculator_inst|alu:alu_inst|lpm_divide:Div0|lpm_divide_7dm:auto_generated                                                   ; lpm_divide_7dm           ; work         ;
;                |sign_div_unsign_dnh:divider|           ; 311 (0)             ; 0 (0)                     ; 0                 ; 0          ; 0    ; 0            ; |top|calculator:calculator_inst|alu:alu_inst|lpm_divide:Div0|lpm_divide_7dm:auto_generated|sign_div_unsign_dnh:divider                       ; sign_div_unsign_dnh      ; work         ;
;                   |alt_u_div_03f:divider|              ; 311 (311)           ; 0 (0)                     ; 0                 ; 0          ; 0    ; 0            ; |top|calculator:calculator_inst|alu:alu_inst|lpm_divide:Div0|lpm_divide_7dm:auto_generated|sign_div_unsign_dnh:divider|alt_u_div_03f:divider ; alt_u_div_03f            ; work         ;
;       |memory:memory_inst|                             ; 1 (1)               ; 8 (8)                     ; 0                 ; 0          ; 0    ; 0            ; |top|calculator:calculator_inst|memory:memory_inst                                                                                           ; memory                   ; work         ;
;       |rising_edge_synchronizer:execute_edge_detector| ; 1 (1)               ; 2 (2)                     ; 0                 ; 0          ; 0    ; 0            ; |top|calculator:calculator_inst|rising_edge_synchronizer:execute_edge_detector                                                               ; rising_edge_synchronizer ; work         ;
;       |rising_edge_synchronizer:mr_edge_detector|      ; 0 (0)               ; 2 (2)                     ; 0                 ; 0          ; 0    ; 0            ; |top|calculator:calculator_inst|rising_edge_synchronizer:mr_edge_detector                                                                    ; rising_edge_synchronizer ; work         ;
;       |rising_edge_synchronizer:ms_edge_detector|      ; 0 (0)               ; 2 (2)                     ; 0                 ; 0          ; 0    ; 0            ; |top|calculator:calculator_inst|rising_edge_synchronizer:ms_edge_detector                                                                    ; rising_edge_synchronizer ; work         ;
;    |seven_seg:seg_hundreds|                            ; 3 (3)               ; 0 (0)                     ; 0                 ; 0          ; 0    ; 0            ; |top|seven_seg:seg_hundreds                                                                                                                  ; seven_seg                ; work         ;
;    |seven_seg:seg_ones|                                ; 7 (7)               ; 0 (0)                     ; 0                 ; 0          ; 0    ; 0            ; |top|seven_seg:seg_ones                                                                                                                      ; seven_seg                ; work         ;
;    |seven_seg:seg_tens|                                ; 7 (7)               ; 0 (0)                     ; 0                 ; 0          ; 0    ; 0            ; |top|seven_seg:seg_tens                                                                                                                      ; seven_seg                ; work         ;
;    |synchronizer_8bit:switch_sync_inst|                ; 0 (0)               ; 8 (8)                     ; 0                 ; 0          ; 0    ; 0            ; |top|synchronizer_8bit:switch_sync_inst                                                                                                      ; synchronizer_8bit        ; work         ;
+--------------------------------------------------------+---------------------+---------------------------+-------------------+------------+------+--------------+----------------------------------------------------------------------------------------------------------------------------------------------+--------------------------+--------------+
Note: For table entries with two numbers listed, the numbers in parentheses indicate the number of resources of the given type used by the specific entity alone. The numbers listed outside of parentheses indicate the total resources of the given type used by the specific entity and all of its sub-entities in the hierarchy.


+-----------------------------------------------+
; Analysis & Synthesis DSP Block Usage Summary  ;
+---------------------------------+-------------+
; Statistic                       ; Number Used ;
+---------------------------------+-------------+
; Independent 9x9                 ; 1           ;
; Total number of DSP blocks      ; 1           ;
;                                 ;             ;
; Fixed Point Unsigned Multiplier ; 1           ;
+---------------------------------+-------------+


+---------------------------------------------------------------------------------------------------------+
; Registers Removed During Synthesis                                                                      ;
+----------------------------------------------------------------+----------------------------------------+
; Register name                                                  ; Reason for Removal                     ;
+----------------------------------------------------------------+----------------------------------------+
; calculator:calculator_inst|led[3]                              ; Stuck at GND due to stuck port data_in ;
; calculator:calculator_inst|memory:memory_inst|memory_reg[2][7] ; Lost fanout                            ;
; calculator:calculator_inst|memory:memory_inst|memory_reg[2][6] ; Lost fanout                            ;
; calculator:calculator_inst|memory:memory_inst|memory_reg[2][5] ; Lost fanout                            ;
; calculator:calculator_inst|memory:memory_inst|memory_reg[2][4] ; Lost fanout                            ;
; calculator:calculator_inst|memory:memory_inst|memory_reg[2][3] ; Lost fanout                            ;
; calculator:calculator_inst|memory:memory_inst|memory_reg[2][2] ; Lost fanout                            ;
; calculator:calculator_inst|memory:memory_inst|memory_reg[2][1] ; Lost fanout                            ;
; calculator:calculator_inst|memory:memory_inst|memory_reg[2][0] ; Lost fanout                            ;
; calculator:calculator_inst|memory:memory_inst|memory_reg[3][7] ; Lost fanout                            ;
; calculator:calculator_inst|memory:memory_inst|memory_reg[3][6] ; Lost fanout                            ;
; calculator:calculator_inst|memory:memory_inst|memory_reg[3][5] ; Lost fanout                            ;
; calculator:calculator_inst|memory:memory_inst|memory_reg[3][4] ; Lost fanout                            ;
; calculator:calculator_inst|memory:memory_inst|memory_reg[3][3] ; Lost fanout                            ;
; calculator:calculator_inst|memory:memory_inst|memory_reg[3][2] ; Lost fanout                            ;
; calculator:calculator_inst|memory:memory_inst|memory_reg[3][1] ; Lost fanout                            ;
; calculator:calculator_inst|memory:memory_inst|memory_reg[3][0] ; Lost fanout                            ;
; calculator:calculator_inst|memory:memory_inst|memory_reg[1][7] ; Lost fanout                            ;
; calculator:calculator_inst|memory:memory_inst|memory_reg[1][6] ; Lost fanout                            ;
; calculator:calculator_inst|memory:memory_inst|memory_reg[1][5] ; Lost fanout                            ;
; calculator:calculator_inst|memory:memory_inst|memory_reg[1][4] ; Lost fanout                            ;
; calculator:calculator_inst|memory:memory_inst|memory_reg[1][3] ; Lost fanout                            ;
; calculator:calculator_inst|memory:memory_inst|memory_reg[1][2] ; Lost fanout                            ;
; calculator:calculator_inst|memory:memory_inst|memory_reg[1][1] ; Lost fanout                            ;
; calculator:calculator_inst|memory:memory_inst|memory_reg[1][0] ; Lost fanout                            ;
; Total Number of Removed Registers = 25                         ;                                        ;
+----------------------------------------------------------------+----------------------------------------+


+------------------------------------------------------+
; General Register Statistics                          ;
+----------------------------------------------+-------+
; Statistic                                    ; Value ;
+----------------------------------------------+-------+
; Total registers                              ; 49    ;
; Number of registers using Synchronous Clear  ; 0     ;
; Number of registers using Synchronous Load   ; 16    ;
; Number of registers using Asynchronous Clear ; 41    ;
; Number of registers using Asynchronous Load  ; 0     ;
; Number of registers using Clock Enable       ; 16    ;
; Number of registers using Preset             ; 0     ;
+----------------------------------------------+-------+


+---------------------------------------------------------------------------------------------------------------------------------------------------------------------------+
; Multiplexer Restructuring Statistics (Restructuring Performed)                                                                                                            ;
+--------------------+-----------+---------------+----------------------+------------------------+------------+-------------------------------------------------------------+
; Multiplexer Inputs ; Bus Width ; Baseline Area ; Area if Restructured ; Saving if Restructured ; Registered ; Example Multiplexer Output                                  ;
+--------------------+-----------+---------------+----------------------+------------------------+------------+-------------------------------------------------------------+
; 3:1                ; 8 bits    ; 16 LEs        ; 8 LEs                ; 8 LEs                  ; Yes        ; |top|calculator:calculator_inst|alu:alu_inst|result_temp[3] ;
+--------------------+-----------+---------------+----------------------+------------------------+------------+-------------------------------------------------------------+


+----------------------------------------------------------------------------------------------------------+
; Parameter Settings for Inferred Entity Instance: calculator:calculator_inst|alu:alu_inst|lpm_divide:Div0 ;
+------------------------+----------------+----------------------------------------------------------------+
; Parameter Name         ; Value          ; Type                                                           ;
+------------------------+----------------+----------------------------------------------------------------+
; LPM_WIDTHN             ; 16             ; Untyped                                                        ;
; LPM_WIDTHD             ; 16             ; Untyped                                                        ;
; LPM_NREPRESENTATION    ; UNSIGNED       ; Untyped                                                        ;
; LPM_DREPRESENTATION    ; UNSIGNED       ; Untyped                                                        ;
; LPM_PIPELINE           ; 0              ; Untyped                                                        ;
; LPM_REMAINDERPOSITIVE  ; TRUE           ; Untyped                                                        ;
; MAXIMIZE_SPEED         ; 5              ; Untyped                                                        ;
; CBXI_PARAMETER         ; lpm_divide_7dm ; Untyped                                                        ;
; CARRY_CHAIN            ; MANUAL         ; Untyped                                                        ;
; OPTIMIZE_FOR_SPEED     ; 5              ; Untyped                                                        ;
; AUTO_CARRY_CHAINS      ; ON             ; AUTO_CARRY                                                     ;
; IGNORE_CARRY_BUFFERS   ; OFF            ; IGNORE_CARRY                                                   ;
; AUTO_CASCADE_CHAINS    ; ON             ; AUTO_CASCADE                                                   ;
; IGNORE_CASCADE_BUFFERS ; OFF            ; IGNORE_CASCADE                                                 ;
+------------------------+----------------+----------------------------------------------------------------+
Note: In order to hide this table in the UI and the text report file, please set the "Show Parameter Settings in Synthesis Report" option in "Analysis and Synthesis Settings -> More Settings" to "Off".


+----------------------------------------------------+
; Port Connectivity Checks: "seven_seg:seg_hundreds" ;
+-----------+-------+----------+---------------------+
; Port      ; Type  ; Severity ; Details             ;
+-----------+-------+----------+---------------------+
; binary[3] ; Input ; Info     ; Stuck at GND        ;
+-----------+-------+----------+---------------------+


+---------------------------------------------------------------------------+
; Port Connectivity Checks: "calculator:calculator_inst|memory:memory_inst" ;
+---------+-------+----------+----------------------------------------------+
; Port    ; Type  ; Severity ; Details                                      ;
+---------+-------+----------+----------------------------------------------+
; addr[1] ; Input ; Info     ; Stuck at GND                                 ;
+---------+-------+----------+----------------------------------------------+


+-----------------------------------------------------+
; Post-Synthesis Netlist Statistics for Top Partition ;
+-----------------------+-----------------------------+
; Type                  ; Count                       ;
+-----------------------+-----------------------------+
; arriav_ff             ; 49                          ;
;     CLR               ; 17                          ;
;     CLR SLD           ; 16                          ;
;     ENA               ; 8                           ;
;     ENA CLR           ; 8                           ;
; arriav_lcell_comb     ; 382                         ;
;     arith             ; 167                         ;
;         0 data inputs ; 23                          ;
;         1 data inputs ; 8                           ;
;         2 data inputs ; 4                           ;
;         3 data inputs ; 14                          ;
;         4 data inputs ; 61                          ;
;         5 data inputs ; 57                          ;
;     normal            ; 215                         ;
;         0 data inputs ; 1                           ;
;         1 data inputs ; 4                           ;
;         2 data inputs ; 71                          ;
;         3 data inputs ; 47                          ;
;         4 data inputs ; 71                          ;
;         5 data inputs ; 15                          ;
;         6 data inputs ; 6                           ;
; arriav_mac            ; 1                           ;
; boundary_port         ; 40                          ;
;                       ;                             ;
; Max LUT depth         ; 31.00                       ;
; Average LUT depth     ; 22.93                       ;
+-----------------------+-----------------------------+


+-------------------------------+
; Elapsed Time Per Partition    ;
+----------------+--------------+
; Partition Name ; Elapsed Time ;
+----------------+--------------+
; Top            ; 00:00:01     ;
+----------------+--------------+


+-------------------------------+
; Analysis & Synthesis Messages ;
+-------------------------------+
Info: *******************************************************************
Info: Running Quartus Prime Analysis & Synthesis
    Info: Version 18.1.0 Build 625 09/12/2018 SJ Lite Edition
    Info: Processing started: Mon Oct 27 15:14:38 2025
Info: Command: quartus_map --read_settings_files=on --write_settings_files=off lab6 -c lab6
Warning (18236): Number of processors has not been specified which may cause overloading on shared machines.  Set the global assignment NUM_PARALLEL_PROCESSORS in your QSF to an appropriate value for best performance.
Info (20030): Parallel compilation is enabled and will use 14 of the 14 processors detected
Info (12021): Found 2 design units, including 1 entities, in source file src/seven_seg.vhd
    Info (12022): Found design unit 1: seven_seg-behavioral File: C:/Users/a9284/Documents/GitHub/CPET-343/Lab6/toPost/src/seven_seg.vhd Line: 16
    Info (12023): Found entity 1: seven_seg File: C:/Users/a9284/Documents/GitHub/CPET-343/Lab6/toPost/src/seven_seg.vhd Line: 9
Info (12021): Found 2 design units, including 1 entities, in source file src/top.vhd
    Info (12022): Found design unit 1: top-structural File: C:/Users/a9284/Documents/GitHub/CPET-343/Lab6/toPost/src/top.vhd Line: 28
    Info (12023): Found entity 1: top File: C:/Users/a9284/Documents/GitHub/CPET-343/Lab6/toPost/src/top.vhd Line: 12
Info (12021): Found 2 design units, including 1 entities, in source file src/synchronizer_8bit.vhd
    Info (12022): Found design unit 1: synchronizer_8bit-behavioral File: C:/Users/a9284/Documents/GitHub/CPET-343/Lab6/toPost/src/synchronizer_8bit.vhd Line: 18
    Info (12023): Found entity 1: synchronizer_8bit File: C:/Users/a9284/Documents/GitHub/CPET-343/Lab6/toPost/src/synchronizer_8bit.vhd Line: 9
Info (12021): Found 2 design units, including 1 entities, in source file src/rising_edge_synchronizer.vhd
    Info (12022): Found design unit 1: rising_edge_synchronizer-behavioral File: C:/Users/a9284/Documents/GitHub/CPET-343/Lab6/toPost/src/rising_edge_synchronizer.vhd Line: 18
    Info (12023): Found entity 1: rising_edge_synchronizer File: C:/Users/a9284/Documents/GitHub/CPET-343/Lab6/toPost/src/rising_edge_synchronizer.vhd Line: 9
Info (12021): Found 2 design units, including 1 entities, in source file src/memory.vhd
    Info (12022): Found design unit 1: memory-behavioral File: C:/Users/a9284/Documents/GitHub/CPET-343/Lab6/toPost/src/memory.vhd Line: 22
    Info (12023): Found entity 1: memory File: C:/Users/a9284/Documents/GitHub/CPET-343/Lab6/toPost/src/memory.vhd Line: 11
Info (12021): Found 1 design units, including 0 entities, in source file src/components.vhd
    Info (12022): Found design unit 1: components File: C:/Users/a9284/Documents/GitHub/CPET-343/Lab6/toPost/src/components.vhd Line: 10
Info (12021): Found 2 design units, including 1 entities, in source file src/calculator.vhd
    Info (12022): Found design unit 1: calculator-behavioral File: C:/Users/a9284/Documents/GitHub/CPET-343/Lab6/toPost/src/calculator.vhd Line: 25
    Info (12023): Found entity 1: calculator File: C:/Users/a9284/Documents/GitHub/CPET-343/Lab6/toPost/src/calculator.vhd Line: 11
Info (12021): Found 2 design units, including 1 entities, in source file src/alu.vhd
    Info (12022): Found design unit 1: alu-beh File: C:/Users/a9284/Documents/GitHub/CPET-343/Lab6/toPost/src/alu.vhd Line: 20
    Info (12023): Found entity 1: alu File: C:/Users/a9284/Documents/GitHub/CPET-343/Lab6/toPost/src/alu.vhd Line: 9
Info (12127): Elaborating entity "top" for the top level hierarchy
Info (12128): Elaborating entity "synchronizer_8bit" for hierarchy "synchronizer_8bit:switch_sync_inst" File: C:/Users/a9284/Documents/GitHub/CPET-343/Lab6/toPost/src/top.vhd Line: 45
Info (12128): Elaborating entity "calculator" for hierarchy "calculator:calculator_inst" File: C:/Users/a9284/Documents/GitHub/CPET-343/Lab6/toPost/src/top.vhd Line: 54
Info (12128): Elaborating entity "rising_edge_synchronizer" for hierarchy "calculator:calculator_inst|rising_edge_synchronizer:execute_edge_detector" File: C:/Users/a9284/Documents/GitHub/CPET-343/Lab6/toPost/src/calculator.vhd Line: 47
Info (12128): Elaborating entity "memory" for hierarchy "calculator:calculator_inst|memory:memory_inst" File: C:/Users/a9284/Documents/GitHub/CPET-343/Lab6/toPost/src/calculator.vhd Line: 72
Info (12128): Elaborating entity "alu" for hierarchy "calculator:calculator_inst|alu:alu_inst" File: C:/Users/a9284/Documents/GitHub/CPET-343/Lab6/toPost/src/calculator.vhd Line: 83
Info (12128): Elaborating entity "seven_seg" for hierarchy "seven_seg:seg_ones" File: C:/Users/a9284/Documents/GitHub/CPET-343/Lab6/toPost/src/top.vhd Line: 99
Info (278001): Inferred 1 megafunctions from design logic
    Info (278004): Inferred divider/modulo megafunction ("lpm_divide") from the following logic: "calculator:calculator_inst|alu:alu_inst|Div0" File: C:/Users/a9284/Documents/GitHub/CPET-343/Lab6/toPost/src/alu.vhd Line: 38
Info (12130): Elaborated megafunction instantiation "calculator:calculator_inst|alu:alu_inst|lpm_divide:Div0" File: C:/Users/a9284/Documents/GitHub/CPET-343/Lab6/toPost/src/alu.vhd Line: 38
Info (12133): Instantiated megafunction "calculator:calculator_inst|alu:alu_inst|lpm_divide:Div0" with the following parameter: File: C:/Users/a9284/Documents/GitHub/CPET-343/Lab6/toPost/src/alu.vhd Line: 38
    Info (12134): Parameter "LPM_WIDTHN" = "16"
    Info (12134): Parameter "LPM_WIDTHD" = "16"
    Info (12134): Parameter "LPM_NREPRESENTATION" = "UNSIGNED"
    Info (12134): Parameter "LPM_DREPRESENTATION" = "UNSIGNED"
Info (12021): Found 1 design units, including 1 entities, in source file db/lpm_divide_7dm.tdf
    Info (12023): Found entity 1: lpm_divide_7dm File: C:/Users/a9284/Documents/GitHub/CPET-343/Lab6/toPost/db/lpm_divide_7dm.tdf Line: 24
Info (12021): Found 1 design units, including 1 entities, in source file db/sign_div_unsign_dnh.tdf
    Info (12023): Found entity 1: sign_div_unsign_dnh File: C:/Users/a9284/Documents/GitHub/CPET-343/Lab6/toPost/db/sign_div_unsign_dnh.tdf Line: 24
Info (12021): Found 1 design units, including 1 entities, in source file db/alt_u_div_03f.tdf
    Info (12023): Found entity 1: alt_u_div_03f File: C:/Users/a9284/Documents/GitHub/CPET-343/Lab6/toPost/db/alt_u_div_03f.tdf Line: 22
Warning (13024): Output pins are stuck at VCC or GND
    Warning (13410): Pin "led[3]" is stuck at GND File: C:/Users/a9284/Documents/GitHub/CPET-343/Lab6/toPost/src/top.vhd Line: 21
    Warning (13410): Pin "bcd_2[1]" is stuck at GND File: C:/Users/a9284/Documents/GitHub/CPET-343/Lab6/toPost/src/top.vhd Line: 24
Info (286030): Timing-Driven Synthesis is running
Info (17049): 24 registers lost all their fanouts during netlist optimizations.
Info (16010): Generating hard_block partition "hard_block:auto_generated_inst"
    Info (16011): Adding 0 node(s), including 0 DDIO, 0 PLL, 0 transceiver and 0 LCELL
Info (21057): Implemented 449 device resources after synthesis - the final resource count might be different
    Info (21058): Implemented 15 input pins
    Info (21059): Implemented 25 output pins
    Info (21061): Implemented 408 logic cells
    Info (21062): Implemented 1 DSP elements
Info: Quartus Prime Analysis & Synthesis was successful. 0 errors, 4 warnings
    Info: Peak virtual memory: 4924 megabytes
    Info: Processing ended: Mon Oct 27 15:14:46 2025
    Info: Elapsed time: 00:00:08
    Info: Total CPU time (on all processors): 00:00:17


