------------------------------------------------------------
Timing Analyzer Summary
------------------------------------------------------------

Type  : Slow 1100mV 85C Model Setup 'clk'
Slack : -0.177
TNS   : -0.177

Type  : Slow 1100mV 85C Model Hold 'clk'
Slack : 0.383
TNS   : 0.000

Type  : Slow 1100mV 85C Model Minimum Pulse Width 'clk'
Slack : -0.394
TNS   : -5.704

Type  : Slow 1100mV 0C Model Setup 'clk'
Slack : -0.218
TNS   : -0.218

Type  : Slow 1100mV 0C Model Hold 'clk'
Slack : 0.395
TNS   : 0.000

Type  : Slow 1100mV 0C Model Minimum Pulse Width 'clk'
Slack : -0.394
TNS   : -6.177

Type  : Fast 1100mV 85C Model Setup 'clk'
Slack : 0.291
TNS   : 0.000

Type  : Fast 1100mV 85C Model Hold 'clk'
Slack : 0.183
TNS   : 0.000

Type  : Fast 1100mV 85C Model Minimum Pulse Width 'clk'
Slack : -0.090
TNS   : -0.961

Type  : Fast 1100mV 0C Model Setup 'clk'
Slack : 0.340
TNS   : 0.000

Type  : Fast 1100mV 0C Model Hold 'clk'
Slack : 0.176
TNS   : 0.000

Type  : Fast 1100mV 0C Model Minimum Pulse Width 'clk'
Slack : -0.089
TNS   : -0.942

------------------------------------------------------------
